
 Start         Length     Name                   Class
 0001:00000000 000B5600H .text                   CODE
 0002:00000000 00007DCCH .data                   DATA
 0002:00007DCC 00004865H .bss                    BSS


Detailed map of segments

 0001:00000000 00005E17 C=CODE     S=.text    G=(none)   M=System   ACBP=A9
 0001:00005E18 00000140 C=CODE     S=.text    G=(none)   M=SysInit  ACBP=A9
 0001:00005F58 00000078 C=CODE     S=.text    G=(none)   M=Types    ACBP=A9
 0001:00005FD0 00001070 C=CODE     S=.text    G=(none)   M=Windows  ACBP=A9
 0001:00007040 00002053 C=CODE     S=.text    G=(none)   M=ELeaks   ACBP=A9
 0001:00009094 00000338 C=CODE     S=.text    G=(none)   M=SysConst ACBP=A9
 0001:000093CC 00007648 C=CODE     S=.text    G=(none)   M=SysUtils ACBP=A9
 0001:00010A14 00000038 C=CODE     S=.text    G=(none)   M=Messages ACBP=A9
 0001:00010A4C 000007FB C=CODE     S=.text    G=(none)   M=VarUtils ACBP=A9
 0001:00011248 00002A42 C=CODE     S=.text    G=(none)   M=Variants ACBP=A9
 0001:00013C8C 00000130 C=CODE     S=.text    G=(none)   M=RTLConsts ACBP=A9
 0001:00013DBC 00000B2C C=CODE     S=.text    G=(none)   M=TypInfo  ACBP=A9
 0001:000148E8 00000038 C=CODE     S=.text    G=(none)   M=ActiveX  ACBP=A9
 0001:00014920 0000A11A C=CODE     S=.text    G=(none)   M=Classes  ACBP=A9
 0001:0001EA3C 00000038 C=CODE     S=.text    G=(none)   M=ETypes   ACBP=A9
 0001:0001EA74 00002944 C=CODE     S=.text    G=(none)   M=EConsts  ACBP=A9
 0001:000213B8 00004700 C=CODE     S=.text    G=(none)   M=ECore    ACBP=A9
 0001:00025AB8 000047F0 C=CODE     S=.text    G=(none)   M=EDebug   ACBP=A9
 0001:0002A2A8 00000040 C=CODE     S=.text    G=(none)   M=ShellAPI ACBP=A9
 0001:0002A2E8 00000544 C=CODE     S=.text    G=(none)   M=EWinSock ACBP=A9
 0001:0002A82C 00001688 C=CODE     S=.text    G=(none)   M=EHook    ACBP=A9
 0001:0002BEB4 000000E8 C=CODE     S=.text    G=(none)   M=ELang    ACBP=A9
 0001:0002BF9C 000016E8 C=CODE     S=.text    G=(none)   M=ESockets ACBP=A9
 0001:0002D684 00007BFC C=CODE     S=.text    G=(none)   M=EZlib2   ACBP=A9
 0001:00035280 00000B04 C=CODE     S=.text    G=(none)   M=EHash    ACBP=A9
 0001:00035D84 00000360 C=CODE     S=.text    G=(none)   M=EEncrypt ACBP=A9
 0001:000360E4 000003DC C=CODE     S=.text    G=(none)   M=EBase64  ACBP=A9
 0001:000364C0 00000154 C=CODE     S=.text    G=(none)   M=EZip     ACBP=A9
 0001:00036614 00007C5C C=CODE     S=.text    G=(none)   M=EWebTools ACBP=A9
 0001:0003E270 000005A8 C=CODE     S=.text    G=(none)   M=EXMLBuilder ACBP=A9
 0001:0003E818 00004414 C=CODE     S=.text    G=(none)   M=ELogManager ACBP=A9
 0001:00042C2C 000012F4 C=CODE     S=.text    G=(none)   M=EListView ACBP=A9
 0001:00043F20 00007400 C=CODE     S=.text    G=(none)   M=EDisAsm  ACBP=A9
 0001:0004B320 000293C0 C=CODE     S=.text    G=(none)   M=ExceptionLog ACBP=A9
 0001:000746E0 000002D0 C=CODE     S=.text    G=(none)   M=Consts   ACBP=A9
 0001:000749B0 00008E6B C=CODE     S=.text    G=(none)   M=Graphics ACBP=A9
 0001:0007D81C 00000048 C=CODE     S=.text    G=(none)   M=Math     ACBP=A9
 0001:0007D864 000002B8 C=CODE     S=.text    G=(none)   M=Contnrs  ACBP=A9
 0001:0007DB1C 000000FC C=CODE     S=.text    G=(none)   M=CommCtrl ACBP=A9
 0001:0007DC18 00000787 C=CODE     S=.text    G=(none)   M=MultiMon ACBP=A9
 0001:0007E3A0 00000038 C=CODE     S=.text    G=(none)   M=Imm      ACBP=A9
 0001:0007E3D8 00000FF8 C=CODE     S=.text    G=(none)   M=HelpIntfs ACBP=A9
 0001:0007F3D0 00000038 C=CODE     S=.text    G=(none)   M=WinSpool ACBP=A9
 0001:0007F408 00000044 C=CODE     S=.text    G=(none)   M=Printers ACBP=A9
 0001:0007F44C 0000031F C=CODE     S=.text    G=(none)   M=FlatSB   ACBP=A9
 0001:0007F76C 000001A4 C=CODE     S=.text    G=(none)   M=SyncObjs ACBP=A9
 0001:0007F910 000009BB C=CODE     S=.text    G=(none)   M=UxTheme  ACBP=A9
 0001:000802CC 00000038 C=CODE     S=.text    G=(none)   M=RichEdit ACBP=A9
 0001:00080304 00000038 C=CODE     S=.text    G=(none)   M=ToolWin  ACBP=A9
 0001:0008033C 00000038 C=CODE     S=.text    G=(none)   M=RegStr   ACBP=A9
 0001:00080374 00000038 C=CODE     S=.text    G=(none)   M=WinInet  ACBP=A9
 0001:000803AC 00000038 C=CODE     S=.text    G=(none)   M=UrlMon   ACBP=A9
 0001:000803E4 00000038 C=CODE     S=.text    G=(none)   M=ShlObj   ACBP=A9
 0001:0008041C 00000038 C=CODE     S=.text    G=(none)   M=CommDlg  ACBP=A9
 0001:00080454 00000038 C=CODE     S=.text    G=(none)   M=Dlgs     ACBP=A9
 0001:0008048C 0000130D C=CODE     S=.text    G=(none)   M=Dialogs  ACBP=A9
 0001:0008179C 00003486 C=CODE     S=.text    G=(none)   M=ExtCtrls ACBP=A9
 0001:00084C24 00000038 C=CODE     S=.text    G=(none)   M=ComStrs  ACBP=A9
 0001:00084C5C 00000094 C=CODE     S=.text    G=(none)   M=Clipbrd  ACBP=A9
 0001:00084CF0 00000038 C=CODE     S=.text    G=(none)   M=StrUtils ACBP=A9
 0001:00084D28 000023BD C=CODE     S=.text    G=(none)   M=Buttons  ACBP=A9
 0001:000870E8 00000038 C=CODE     S=.text    G=(none)   M=ExtDlgs  ACBP=A9
 0001:00087120 00000068 C=CODE     S=.text    G=(none)   M=IniFiles ACBP=A9
 0001:00087188 00000068 C=CODE     S=.text    G=(none)   M=Registry ACBP=A9
 0001:000871F0 0000006C C=CODE     S=.text    G=(none)   M=Mapi     ACBP=A9
 0001:0008725C 00000058 C=CODE     S=.text    G=(none)   M=ExtActns ACBP=A9
 0001:000872B4 00000038 C=CODE     S=.text    G=(none)   M=ListActns ACBP=A9
 0001:000872EC 00000180 C=CODE     S=.text    G=(none)   M=ComCtrls ACBP=A9
 0001:0008746C 00000B8C C=CODE     S=.text    G=(none)   M=Themes   ACBP=A9
 0001:00087FF8 00004CE8 C=CODE     S=.text    G=(none)   M=StdCtrls ACBP=A9
 0001:0008CCE0 00000168 C=CODE     S=.text    G=(none)   M=StdActns ACBP=A9
 0001:0008CE48 00000D1F C=CODE     S=.text    G=(none)   M=WinHelpViewer ACBP=A9
 0001:0008DB68 00010ED3 C=CODE     S=.text    G=(none)   M=Controls ACBP=A9
 0001:0009EA3C 00001292 C=CODE     S=.text    G=(none)   M=ActnList ACBP=A9
 0001:0009FCD0 00001B9C C=CODE     S=.text    G=(none)   M=ImgList  ACBP=A9
 0001:000A186C 000066AD C=CODE     S=.text    G=(none)   M=Menus    ACBP=A9
 0001:000A7F1C 0000C568 C=CODE     S=.text    G=(none)   M=Forms    ACBP=A9
 0001:000B4484 00000070 C=CODE     S=.text    G=(none)   M=uComunicacao ACBP=A9
 0001:000B44F4 00000068 C=CODE     S=.text    G=(none)   M=uPessoa  ACBP=A9
 0001:000B455C 00000038 C=CODE     S=.text    G=(none)   M=uTipoComunicacao ACBP=A9
 0001:000B4594 00000124 C=CODE     S=.text    G=(none)   M=uWhatsApp ACBP=A9
 0001:000B46B8 00000118 C=CODE     S=.text    G=(none)   M=uSMS     ACBP=A9
 0001:000B47D0 0000011C C=CODE     S=.text    G=(none)   M=uEmail   ACBP=A9
 0001:000B48EC 00000104 C=CODE     S=.text    G=(none)   M=uComunicacaoFactory ACBP=A9
 0001:000B49F0 00000038 C=CODE     S=.text    G=(none)   M=uTipoPessoa ACBP=A9
 0001:000B4A28 0000010C C=CODE     S=.text    G=(none)   M=uCliente ACBP=A9
 0001:000B4B34 00000110 C=CODE     S=.text    G=(none)   M=uFornecedor ACBP=A9
 0001:000B4C44 000000DC C=CODE     S=.text    G=(none)   M=uPessoaFactory ACBP=A9
 0001:000B4D20 00000258 C=CODE     S=.text    G=(none)   M=uSecretaria ACBP=A9
 0001:000B4F78 00000338 C=CODE     S=.text    G=(none)   M=uTelaSecretaria ACBP=A9
 0001:000B52B0 0000034D C=CODE     S=.text    G=(none)   M=Project1 ACBP=A9
 0002:00000000 000000A4 C=DATA     S=.data    G=DGROUP   M=System   ACBP=A9
 0002:000000A4 00000020 C=DATA     S=.data    G=DGROUP   M=SysInit  ACBP=A9
 0002:000000C4 00000014 C=DATA     S=.data    G=DGROUP   M=ELeaks   ACBP=A9
 0002:000000D8 00000254 C=DATA     S=.data    G=DGROUP   M=SysUtils ACBP=A9
 0002:0000032C 00000008 C=DATA     S=.data    G=DGROUP   M=VarUtils ACBP=A9
 0002:00000334 0000008E C=DATA     S=.data    G=DGROUP   M=Variants ACBP=A9
 0002:000003C4 0000000C C=DATA     S=.data    G=DGROUP   M=TypInfo  ACBP=A9
 0002:000003D0 00000080 C=DATA     S=.data    G=DGROUP   M=Classes  ACBP=A9
 0002:00000450 00000908 C=DATA     S=.data    G=DGROUP   M=EConsts  ACBP=A9
 0002:00000D58 00000044 C=DATA     S=.data    G=DGROUP   M=ECore    ACBP=A9
 0002:00000D9C 0000004C C=DATA     S=.data    G=DGROUP   M=EDebug   ACBP=A9
 0002:00000DE8 00000001 C=DATA     S=.data    G=DGROUP   M=EWinSock ACBP=A9
 0002:00000DEC 000001A0 C=DATA     S=.data    G=DGROUP   M=EHook    ACBP=A9
 0002:00000F8C 00000001 C=DATA     S=.data    G=DGROUP   M=ESockets ACBP=A9
 0002:00000F90 00000E5C C=DATA     S=.data    G=DGROUP   M=EZlib2   ACBP=A9
 0002:00001DEC 00000212 C=DATA     S=.data    G=DGROUP   M=EHash    ACBP=A9
 0002:00002000 00000144 C=DATA     S=.data    G=DGROUP   M=EBase64  ACBP=A9
 0002:00002144 000034B0 C=DATA     S=.data    G=DGROUP   M=EWebTools ACBP=A9
 0002:000055F4 00000020 C=DATA     S=.data    G=DGROUP   M=EXMLBuilder ACBP=A9
 0002:00005614 00000024 C=DATA     S=.data    G=DGROUP   M=ELogManager ACBP=A9
 0002:00005638 000012D5 C=DATA     S=.data    G=DGROUP   M=EDisAsm  ACBP=A9
 0002:00006910 000005E0 C=DATA     S=.data    G=DGROUP   M=ExceptionLog ACBP=A9
 0002:00006EF0 00000304 C=DATA     S=.data    G=DGROUP   M=Graphics ACBP=A9
 0002:000071F4 00000004 C=DATA     S=.data    G=DGROUP   M=Printers ACBP=A9
 0002:000071F8 000000B4 C=DATA     S=.data    G=DGROUP   M=Dialogs  ACBP=A9
 0002:000072AC 0000018C C=DATA     S=.data    G=DGROUP   M=ExtCtrls ACBP=A9
 0002:00007438 00000088 C=DATA     S=.data    G=DGROUP   M=Buttons  ACBP=A9
 0002:000074C0 00000008 C=DATA     S=.data    G=DGROUP   M=IniFiles ACBP=A9
 0002:000074C8 00000008 C=DATA     S=.data    G=DGROUP   M=Registry ACBP=A9
 0002:000074D0 00000008 C=DATA     S=.data    G=DGROUP   M=Mapi     ACBP=A9
 0002:000074D8 00000018 C=DATA     S=.data    G=DGROUP   M=ComCtrls ACBP=A9
 0002:000074F0 00000068 C=DATA     S=.data    G=DGROUP   M=Themes   ACBP=A9
 0002:00007558 00000090 C=DATA     S=.data    G=DGROUP   M=StdCtrls ACBP=A9
 0002:000075E8 0000013C C=DATA     S=.data    G=DGROUP   M=Controls ACBP=A9
 0002:00007724 00000020 C=DATA     S=.data    G=DGROUP   M=ImgList  ACBP=A9
 0002:00007744 000000EC C=DATA     S=.data    G=DGROUP   M=Menus    ACBP=A9
 0002:00007830 0000011C C=DATA     S=.data    G=DGROUP   M=Forms    ACBP=A9
 0002:00008000 00000664 C=BSS      S=.bss     G=DGROUP   M=System   ACBP=A9
 0002:00008664 00000010 C=BSS      S=.bss     G=DGROUP   M=SysInit  ACBP=A9
 0002:00008674 00000004 C=BSS      S=.bss     G=DGROUP   M=Types    ACBP=A9
 0002:00008678 00000004 C=BSS      S=.bss     G=DGROUP   M=Windows  ACBP=A9
 0002:0000867C 00000054 C=BSS      S=.bss     G=DGROUP   M=ELeaks   ACBP=A9
 0002:000086D0 00000004 C=BSS      S=.bss     G=DGROUP   M=SysConst ACBP=A9
 0002:000086D4 00000120 C=BSS      S=.bss     G=DGROUP   M=SysUtils ACBP=A9
 0002:000087F4 00000004 C=BSS      S=.bss     G=DGROUP   M=Messages ACBP=A9
 0002:000087F8 0000005C C=BSS      S=.bss     G=DGROUP   M=VarUtils ACBP=A9
 0002:00008854 00000040 C=BSS      S=.bss     G=DGROUP   M=Variants ACBP=A9
 0002:00008894 00000004 C=BSS      S=.bss     G=DGROUP   M=RTLConsts ACBP=A9
 0002:00008898 00000004 C=BSS      S=.bss     G=DGROUP   M=TypInfo  ACBP=A9
 0002:0000889C 00000004 C=BSS      S=.bss     G=DGROUP   M=ActiveX  ACBP=A9
 0002:000088A0 00000044 C=BSS      S=.bss     G=DGROUP   M=Classes  ACBP=A9
 0002:000088E4 00000004 C=BSS      S=.bss     G=DGROUP   M=ETypes   ACBP=A9
 0002:000088E8 00000004 C=BSS      S=.bss     G=DGROUP   M=EConsts  ACBP=A9
 0002:000088EC 00000009 C=BSS      S=.bss     G=DGROUP   M=ECore    ACBP=A9
 0002:000088F8 00000004 C=BSS      S=.bss     G=DGROUP   M=EDebug   ACBP=A9
 0002:000088FC 00000004 C=BSS      S=.bss     G=DGROUP   M=ShellAPI ACBP=A9
 0002:00008900 00000010 C=BSS      S=.bss     G=DGROUP   M=EWinSock ACBP=A9
 0002:00008910 00000010 C=BSS      S=.bss     G=DGROUP   M=EHook    ACBP=A9
 0002:00008920 00000004 C=BSS      S=.bss     G=DGROUP   M=ELang    ACBP=A9
 0002:00008924 00000004 C=BSS      S=.bss     G=DGROUP   M=ESockets ACBP=A9
 0002:00008928 00002894 C=BSS      S=.bss     G=DGROUP   M=EZlib2   ACBP=A9
 0002:0000B1BC 00000404 C=BSS      S=.bss     G=DGROUP   M=EHash    ACBP=A9
 0002:0000B5C0 0000001C C=BSS      S=.bss     G=DGROUP   M=EEncrypt ACBP=A9
 0002:0000B5DC 00000004 C=BSS      S=.bss     G=DGROUP   M=EBase64  ACBP=A9
 0002:0000B5E0 00000004 C=BSS      S=.bss     G=DGROUP   M=EZip     ACBP=A9
 0002:0000B5E4 00000048 C=BSS      S=.bss     G=DGROUP   M=EWebTools ACBP=A9
 0002:0000B62C 00000004 C=BSS      S=.bss     G=DGROUP   M=EXMLBuilder ACBP=A9
 0002:0000B630 00000004 C=BSS      S=.bss     G=DGROUP   M=ELogManager ACBP=A9
 0002:0000B634 00000004 C=BSS      S=.bss     G=DGROUP   M=EListView ACBP=A9
 0002:0000B638 00000004 C=BSS      S=.bss     G=DGROUP   M=EDisAsm  ACBP=A9
 0002:0000B63C 00000E80 C=BSS      S=.bss     G=DGROUP   M=ExceptionLog ACBP=A9
 0002:0000C4BC 00000004 C=BSS      S=.bss     G=DGROUP   M=Consts   ACBP=A9
 0002:0000C4C0 00000060 C=BSS      S=.bss     G=DGROUP   M=Graphics ACBP=A9
 0002:0000C520 00000004 C=BSS      S=.bss     G=DGROUP   M=Math     ACBP=A9
 0002:0000C524 00000004 C=BSS      S=.bss     G=DGROUP   M=Contnrs  ACBP=A9
 0002:0000C528 00000004 C=BSS      S=.bss     G=DGROUP   M=CommCtrl ACBP=A9
 0002:0000C52C 00000031 C=BSS      S=.bss     G=DGROUP   M=MultiMon ACBP=A9
 0002:0000C560 00000004 C=BSS      S=.bss     G=DGROUP   M=Imm      ACBP=A9
 0002:0000C564 00000008 C=BSS      S=.bss     G=DGROUP   M=HelpIntfs ACBP=A9
 0002:0000C56C 00000004 C=BSS      S=.bss     G=DGROUP   M=WinSpool ACBP=A9
 0002:0000C570 00000004 C=BSS      S=.bss     G=DGROUP   M=Printers ACBP=A9
 0002:0000C574 00000034 C=BSS      S=.bss     G=DGROUP   M=FlatSB   ACBP=A9
 0002:0000C5A8 00000004 C=BSS      S=.bss     G=DGROUP   M=SyncObjs ACBP=A9
 0002:0000C5AC 000000CC C=BSS      S=.bss     G=DGROUP   M=UxTheme  ACBP=A9
 0002:0000C678 00000004 C=BSS      S=.bss     G=DGROUP   M=RichEdit ACBP=A9
 0002:0000C67C 00000004 C=BSS      S=.bss     G=DGROUP   M=ToolWin  ACBP=A9
 0002:0000C680 00000004 C=BSS      S=.bss     G=DGROUP   M=RegStr   ACBP=A9
 0002:0000C684 00000004 C=BSS      S=.bss     G=DGROUP   M=WinInet  ACBP=A9
 0002:0000C688 00000004 C=BSS      S=.bss     G=DGROUP   M=UrlMon   ACBP=A9
 0002:0000C68C 00000004 C=BSS      S=.bss     G=DGROUP   M=ShlObj   ACBP=A9
 0002:0000C690 00000004 C=BSS      S=.bss     G=DGROUP   M=CommDlg  ACBP=A9
 0002:0000C694 00000004 C=BSS      S=.bss     G=DGROUP   M=Dlgs     ACBP=A9
 0002:0000C698 00000038 C=BSS      S=.bss     G=DGROUP   M=Dialogs  ACBP=A9
 0002:0000C6D0 00000004 C=BSS      S=.bss     G=DGROUP   M=ExtCtrls ACBP=A9
 0002:0000C6D4 00000004 C=BSS      S=.bss     G=DGROUP   M=ComStrs  ACBP=A9
 0002:0000C6D8 0000000C C=BSS      S=.bss     G=DGROUP   M=Clipbrd  ACBP=A9
 0002:0000C6E4 00000004 C=BSS      S=.bss     G=DGROUP   M=StrUtils ACBP=A9
 0002:0000C6E8 00000030 C=BSS      S=.bss     G=DGROUP   M=Buttons  ACBP=A9
 0002:0000C718 00000004 C=BSS      S=.bss     G=DGROUP   M=ExtDlgs  ACBP=A9
 0002:0000C71C 00000004 C=BSS      S=.bss     G=DGROUP   M=IniFiles ACBP=A9
 0002:0000C720 00000004 C=BSS      S=.bss     G=DGROUP   M=Registry ACBP=A9
 0002:0000C724 00000004 C=BSS      S=.bss     G=DGROUP   M=Mapi     ACBP=A9
 0002:0000C728 00000009 C=BSS      S=.bss     G=DGROUP   M=ExtActns ACBP=A9
 0002:0000C734 00000004 C=BSS      S=.bss     G=DGROUP   M=ListActns ACBP=A9
 0002:0000C738 00000010 C=BSS      S=.bss     G=DGROUP   M=ComCtrls ACBP=A9
 0002:0000C748 00000008 C=BSS      S=.bss     G=DGROUP   M=Themes   ACBP=A9
 0002:0000C750 00000004 C=BSS      S=.bss     G=DGROUP   M=StdCtrls ACBP=A9
 0002:0000C754 00000004 C=BSS      S=.bss     G=DGROUP   M=StdActns ACBP=A9
 0002:0000C758 00000014 C=BSS      S=.bss     G=DGROUP   M=WinHelpViewer ACBP=A9
 0002:0000C76C 00000080 C=BSS      S=.bss     G=DGROUP   M=Controls ACBP=A9
 0002:0000C7EC 00000004 C=BSS      S=.bss     G=DGROUP   M=ActnList ACBP=A9
 0002:0000C7F0 0000000C C=BSS      S=.bss     G=DGROUP   M=ImgList  ACBP=A9
 0002:0000C7FC 00000010 C=BSS      S=.bss     G=DGROUP   M=Menus    ACBP=A9
 0002:0000C80C 00000020 C=BSS      S=.bss     G=DGROUP   M=Forms    ACBP=A9
 0002:0000C82C 00000004 C=BSS      S=.bss     G=DGROUP   M=uComunicacao ACBP=A9
 0002:0000C830 00000004 C=BSS      S=.bss     G=DGROUP   M=uPessoa  ACBP=A9
 0002:0000C834 00000004 C=BSS      S=.bss     G=DGROUP   M=uTipoComunicacao ACBP=A9
 0002:0000C838 00000004 C=BSS      S=.bss     G=DGROUP   M=uWhatsApp ACBP=A9
 0002:0000C83C 00000004 C=BSS      S=.bss     G=DGROUP   M=uSMS     ACBP=A9
 0002:0000C840 00000004 C=BSS      S=.bss     G=DGROUP   M=uEmail   ACBP=A9
 0002:0000C844 00000004 C=BSS      S=.bss     G=DGROUP   M=uComunicacaoFactory ACBP=A9
 0002:0000C848 00000004 C=BSS      S=.bss     G=DGROUP   M=uTipoPessoa ACBP=A9
 0002:0000C84C 00000004 C=BSS      S=.bss     G=DGROUP   M=uCliente ACBP=A9
 0002:0000C850 00000004 C=BSS      S=.bss     G=DGROUP   M=uFornecedor ACBP=A9
 0002:0000C854 00000004 C=BSS      S=.bss     G=DGROUP   M=uPessoaFactory ACBP=A9
 0002:0000C858 00000004 C=BSS      S=.bss     G=DGROUP   M=uSecretaria ACBP=A9
 0002:0000C85C 00000008 C=BSS      S=.bss     G=DGROUP   M=uTelaSecretaria ACBP=A9


  Address         Publics by Name

 0002:00001028       ..
 0002:00000FB8       ..
 0002:00001380       ..
 0002:00001014       ..
 0002:00001094       ..
 0002:00001254       ..
 0002:000010E4       ..
 0001:0002F99C       ..
 0001:00033404       ..
 0002:00008930       ..
 0002:0000A930       ..
 0002:00001040       ..
 0002:00001020       ..
 0001:0002DFB4       ..
 0001:0002F8D4       ..
 0001:0002F4C8       ..
 0002:000088F8       .03
 0002:0000C560       .1
 0002:0000C760       .1
 0002:0000866C       .1
 0002:0000C724       .1
 0002:00008910       .1
 0002:0000C848       .1
 0002:0000C528       .1
 0002:0000C678       .1
 0002:0000C830       .1
 0002:0000C6D4       .1
 0002:0000C834       .1
 0002:0000C690       .1
 0002:0000C4BC       .1
 0002:0000C680       .1
 0002:0000C684       .1
 0002:000088FC       .1
 0002:00008674       .1
 0002:0000C6E4       .1
 0002:000088E4       .1
 0002:000087F4       .1
 0002:000086D0       .1
 0002:0000C54C       .1
 0002:0000B1BC       .1
 0002:0000C694       .1
 0002:0000C688       .1
 0002:0000B5C0       .1
 0002:0000C668       .1
 0002:00008694       .1
 0002:00008894       .1
 0002:0000B5DC       .1
 0002:0000C594       .1
 0002:00008920       .1
 0002:0000C68C       .1
 0002:0000C82C       .1
 0002:0000C698       .11
 0002:0000C4C4       .12
 0002:0000C6D0       .12
 0002:0000C840       .2
 0002:0000B638       .2
 0002:0000C844       .2
 0002:0000C84C       .2
 0002:0000C520       .2
 0002:0000C564       .2
 0002:0000C850       .2
 0002:0000C854       .2
 0002:0000C6DC       .2
 0002:0000C858       .2
 0002:0000C748       .2
 0002:0000C860       .2
 0002:00008928       .2
 0002:0000B634       .2
 0002:0000C838       .2
 0002:0000C83C       .2
 0002:0000B660       .21
 0002:0000C524       .21
 0002:00008924       .3
 0002:0000B630       .3
 0002:0000B5E0       .3
 0002:0000C56C       .3
 0002:0000B62C       .3
 0002:0000C570       .3
 0002:0000C718       .3
 0002:0000C7F0       .3
 0002:0000889C       .3
 0002:00008678       .3
 0002:000087E4       .35
 0002:0000C738       .36
 0002:0000C67C       .4
 0002:000088F0       .4
 0002:0000C6E8       .4
 0002:00008900       .4
 0002:0000C814       .41
 0002:0000C750       .42
 0002:000088AC       .45
 0002:000088E8       .5
 0002:000085BC       .5
 0002:0000C720       .5
 0002:00008850       .5
 0002:0000C5A8       .6
 0002:00008898       .6
 0002:0000B5E4       .7
 0002:0000C728       .72
 0002:0000C774       .72
 0002:0000C754       .73
 0002:0000C734       .8
 0002:0000C7EC       .8
 0002:0000C71C       .8
 0002:00008874       .81
 0002:0000C804       .9
 0001:00002078       @AbstractError
 0001:00004824       @AddRefArray
 0001:000047DC       @AddRefRecord
 0001:00003050       @AfterConstruction
 0001:00002E7C       @AsClass
 0001:00003B10       @Assert
 0001:000024E4       @AStrCmp
 0001:00003060       @BeforeDestruction
 0001:00002EC8       @CallDynaInst
 0001:00005854       @CheckAutoResult
 0001:00002FF8       @ClassCreate
 0001:00003048       @ClassDestroy
 0001:000023B0       @Close
 0001:00001C94       @Copy
 0001:00004A18       @CopyArray
 0001:000048FC       @CopyRecord
 0001:00030348       @deflateInit2_
 0001:00004B30       @DispCallByIDError
 0001:00011CE8       @DispInvokeError
 0001:00004B20       @Dispose
 0001:000035A0       @DoneExcept
 0001:00005048       @DynArrayAddRef
 0001:00005020       @DynArrayAsg
 0001:00004FE4       @DynArrayClear
 0001:00004E04       @DynArrayHigh
 0001:00004DFC       @DynArrayLength
 0001:00004FD8       @DynArraySetLength
 0001:00003688       @ExceptionHandler
 0001:00002554       @FillChar
 0001:0002F594       @fill_fopen_filefunc
 0001:000047D0       @Finalize
 0001:000046E4       @FinalizeArray
 0001:00004698       @FinalizeRecord
 0001:00002EE0       @FindDynaInst
 0001:000023A4       @Flush
 0001:00002BF8       @FpuInit
 0001:00002B34       @FpuMaskInit
 0001:00001AB8       @FreeMem
 0001:00001A88       @GetMem
 0001:00005E90       @GetTls
 0001:0002FACC       @get_crc_table
 0001:00003AF8       @Halt
 0001:00003A18       @Halt0
 0001:00003174       @HandleAnyException
 0001:00003460       @HandleAutoException
 0001:00003428       @HandleFinally
 0001:000032A0       @HandleOnException
 0001:00031A3C       @inflateInit2_
 0001:00031484       @inflate_fast
 0001:00032F94       @inflate_table
 0001:00005EDC       @InitExe
 0001:0000468C       @Initialize
 0001:000045F8       @InitializeArray
 0001:000045C8       @InitializeRecord
 0001:000038DC       @InitImports
 0001:000038B4       @InitResStringImports
 0001:00003890       @InitResStrings
 0001:00001D50       @Insert
 0001:000057B8       @IntfAddRef
 0001:00005788       @IntfCast
 0001:00005744       @IntfClear
 0001:0000575C       @IntfCopy
 0001:00002E58       @IsClass
 0001:00002B04       @isNECWindows
 0001:00001CD8       @LGetDir
 0001:00004080       @LStrAddRef
 0001:00003BD8       @LStrArrayClr
 0001:00003C08       @LStrAsg
 0001:00003E98       @LStrCat
 0001:00003EDC       @LStrCat3
 0001:00003F50       @LStrCatN
 0001:00003BB4       @LStrClr
 0001:00003FDC       @LStrCmp
 0001:000040F0       @LStrCopy
 0001:00004130       @LStrDelete
 0001:00003E24       @LStrFromArray
 0001:00003D9C       @LStrFromChar
 0001:00003DAC       @LStrFromPChar
 0001:00003CA4       @LStrFromPCharLen
 0001:00003DDC       @LStrFromPWChar
 0001:00003D10       @LStrFromPWCharLen
 0001:00003E18       @LStrFromString
 0001:00003E3C       @LStrFromWArray
 0001:00003E58       @LStrFromWStr
 0001:00004178       @LStrInsert
 0001:00003C4C       @LStrLAsg
 0001:00003E90       @LStrLen
 0001:00004280       @LStrOfChar
 0001:000041D4       @LStrPos
 0001:0000421C       @LStrSetLength
 0001:00004090       @LStrToPChar
 0001:00003E6C       @LStrToString
 0001:00004B0C       @New
 0001:00003C78       @NewAnsiString
 0001:000042F0       @NewWideString
 0001:00001FE0       @Pos
 0001:00002818       @Pow10
 0001:00002460       @PStrCmp
 0001:00002438       @PStrCpy
 0001:00002408       @PStrNCat
 0001:00002444       @PStrNCpy
 0001:0000354C       @RaiseAgain
 0001:00003524       @RaiseExcept
 0001:00002574       @RandInt
 0001:00001AD8       @ReallocMem
 0001:000020EC       @RewritText
 0001:00002048       @ROUND
 0001:00003B04       @RunError
 0001:000027FC       @SetEq
 0001:00002020       @SetLength
 0001:00003850       @StartExe
 0001:000002F4       @strlen
 0001:00002054       @TRUNC
 0001:000035D0       @TryFinallyExit
 0001:000040E8       @UniqueStringA
 0001:00004BD8       @ValInt64
 0001:00002590       @ValLong
 0001:000133E0       @VarAddRef
 0001:0000480C       @VarAddRef
 0001:00011FD4       @VarClear
 0001:000046CC       @VarClr
 0001:00011FE8       @VarClr
 0001:00012310       @VarCopy
 0001:000048E4       @VarCopy
 0001:00013318       @VarFromBool
 0001:00013368       @VarFromCurr
 0001:000132B0       @VarFromInt
 0001:000132EC       @VarFromInt64
 0001:0001337C       @VarFromLStr
 0001:00013340       @VarFromReal
 0001:00013354       @VarFromTDateTime
 0001:000133A8       @VarFromWStr
 0001:00011D3C       @VarNull
 0001:0001263C       @VarToLStr
 0001:00012D5C       @VarToWStr
 0001:000042AC       @Write0LString
 0001:000026A8       @WriteBytes
 0001:00002778       @WriteLn
 0001:000042C8       @WriteLString
 0001:000026FC       @WriteSpaces
 0001:000045A8       @WStrAddRef
 0001:00004330       @WStrArrayClr
 0001:00004354       @WStrAsg
 0001:00004318       @WStrClr
 0001:00004490       @WStrCmp
 0001:00004514       @WStrCopy
 0001:00004464       @WStrFromLStr
 0001:00004378       @WStrFromPCharLen
 0001:00004428       @WStrFromPWChar
 0001:00004404       @WStrFromPWCharLen
 0001:00004484       @WStrLen
 0001:00004560       @WStrSetLength
 0001:00004474       @WStrToPWChar
 0001:000027D8       @_CLenToPasStr
 0001:000027CC       @_CToPasStr
 0001:00001C64       @_IOTest
 0001:00004B5C       @_llmod
 0001:00004B38       @_llmul
 0001:00034604       @_tr_align
 0001:000348D0       @_tr_flush_block
 0001:00033408       @_tr_init
 0001:00034548       @_tr_stored_block
 0001:0000E7C8       Abort
 0002:0000B791       AbortOperation
 0001:000909BC       AbsMin
 0001:0000EB4C       AbstractErrorHandler
 0002:0000802C       AbstractErrorProc
 0002:0000015C       AccessMode
 0001:000665CC       AccessViolationModuleInLongFormat
 0001:00001BAC       AcquireExceptionObject
 0001:0005D10C       ActicatePage
 0001:00016D00       ActivateClassGroup
 0002:0000B7D8       ActivateEurekaLog
 0001:0000678C       ActivateKeyboardLayout
 0002:0000C7A8       ActiveDrag
 0001:00014918       ActiveX
 0001:0009FCA4       ActnList
 0001:00037FA0       AddAuthenticationToURL
 0001:0000045C       AddBlockAfter
 0001:0006CE10       AddCallerCallStack
 0001:00061050       AddColor
 0001:00058B94       AddCustomHeadersToLog
 0001:00058A38       AddCustomHeaderToLog
 0002:000003D0       AddDataModule
 0001:0002CD5C       AddDNS
 0001:0000A0A0       AddExitProc
 0001:0001A154       AddFinished
 0001:000A34A0       AddIn
 0002:00008690       AddLeak
 0001:000576D4       AddModule
 0001:000575D0       AddModuleFromFileName
 0001:000055AC       AddModuleUnloadProc
 0001:0000559C       AddModuleUnloadProc
 0001:00051528       AddNewProcess
 0001:000518F8       AddNewProcessEx
 0001:0001A18C       AddNotFinished
 0001:0002AE30       AddrSize
 0001:00065894       AddStr
 0001:0001ABB0       AddSubComponentsToLoaded
 0001:0001CFC4       AddThread
 0001:00057774       AddToStack
 0001:0004006C       AddValueField
 0001:0002DDC8       AddZipFile
 0001:00078408       AdjustColor
 0001:00083BDC       AdjustColors
 0001:0005D05C       AdjustDialog
 0001:0005A4D8       AdjustFlatStyle
 0001:0000A3A0       AdjustLineBreaks
 0001:000AA544       Adjustment
 0001:00006794       AdjustWindowRectEx
 0001:0002F5CC       adler32
 0001:00061C44       AfterScreenshot
 0001:00061958       AfterScreenshotToStream
 0002:00007560       Alignments
 0002:000075D8       Alignments
 0002:00007818       Alignments
 0002:000072B4       Alignments
 0002:00007808       Alignments
 0002:000075A0       Alignments
 0001:000B1488       AlignWork
 0001:00096028       AlignWork
 0002:000086AC       AllocatedList_End
 0002:000086A4       AllocatedList_Lock
 0002:000086A8       AllocatedList_Start
 0001:0001E81C       AllocateHWnd
 0001:0000A044       AllocMem
 0002:000085B4       AllocMemCount
 0002:000085B8       AllocMemSize
 0001:0007D614       AllocPatternBitmap
 0001:00005E38       AllocTlsBuffer
 0002:000055D4       AlphaNumerics
 0002:000075F4       AnchorAlign
 0002:000075E8       AnimateWindowProc
 0002:000076F0       AnimationStyle
 0001:0000F4A8       AnsiCompareFileName
 0001:0000A2A8       AnsiCompareStr
 0001:0000A2E0       AnsiCompareText
 0001:0000AC34       AnsiLastChar
 0001:0000679C       AnsiLower
 0001:0000A274       AnsiLowerCase
 0001:0000F528       AnsiLowerCaseFileName
 0001:0000F46C       AnsiPos
 0001:000A7D28       AnsiSameCaption
 0001:0000A318       AnsiSameText
 0001:0000A330       AnsiStrLIComp
 0001:0000F5B4       AnsiStrPos
 0001:0000F674       AnsiStrRScan
 0001:0000F6BC       AnsiStrScan
 0001:00005BD4       AnsiToUtf8
 0001:0000A240       AnsiUpperCase
 0001:0000CA9C       AppendChars
 0001:0000CE68       AppendFormat
 0001:0000CB00       AppendNumber
 0001:0000CAE0       AppendString
 0002:0000C80C       Application
 0002:000003E0       ApplicationHandleException
 0001:00057F64       ApplicationRestore
 0002:000003E8       ApplicationShowException
 0002:00007944       AppVisible
 0001:00007B88       AreTheSameLeak
 0001:000564A0       ASMAssigned
 0002:00000E8C       AsmConst
 0001:0006639C       ASPDotNetWebSiteFile
 0001:0005BA74       AssemblerDialogProc
 0001:0004CE48       AssemblerToRTF
 0001:0000EB30       AssertErrorHandler
 0002:00008024       AssertErrorProc
 0001:000141B0       AssignLongStr
 0001:0005F53C       AssignOnCloseData
 0001:00059454       AssignPriority
 0001:0002A140       AssignValidDebugInfo
 0001:00014714       AssignVariant
 0001:00062AF8       AttachedFile
 0001:00062D90       AttachedFiles
 0002:0000B654       AttachedFilesRequest
 0001:00068A60       AttrToString
 0002:0000B7DC       AutoCloseTimer
 0001:0005890C       AutoCloseTimerProc
 0002:0000860C       avail
 0001:0000B138       BackfillGetDiskFreeSpaceEx
 0001:00093550       BackgroundClipped
 0001:00010CDC       BackupVarBoolFromStr
 0001:00010E3C       BackupVarBStrFromBool
 0001:00010D5C       BackupVarBStrFromCy
 0001:00010DCC       BackupVarBStrFromDate
 0001:00010C70       BackupVarCyFromStr
 0001:00010C04       BackupVarDateFromStr
 0001:00010AC0       BackupVarI4FromStr
 0001:00010A6C       BackupVariantChangeTypeEx
 0001:00010B2C       BackupVarR4FromStr
 0001:00010B98       BackupVarR8FromStr
 0001:000362A0       Base64Decode
 0001:000363DC       Base64DecodeStr
 0001:00036448       Base64DecodeString
 0001:00036150       Base64Encode
 0001:0006269C       Base64EncodeFromFile
 0001:00036388       Base64EncodeStr
 0001:00036440       Base64EncodeString
 0001:00036450       Base64EncodeToString
 0002:00002040       Base64Filler
 0001:0000F12C       Beep
 0001:000067A4       BeginDeferWindowPos
 0001:00017058       BeginGlobalLoading
 0001:000067AC       BeginPaint
 0001:00003B68       BeginThread
 0001:00078414       BetterSize
 0001:000A4334       BiDiDraw
 0001:00023C48       BinToStr
 0001:00006524       BitBlt
 0002:00007464       BitBtnCaptions
 0002:0000C6EC       BitBtnGlyphs
 0002:00007490       BitBtnModalResults
 0002:00007438       BitBtnResNames
 0002:000071A8       BitmapCanvasList
 0002:0000C4DC       BitmapImageLock
 0001:00010AA8       BiUnimplemented
 0002:00000424       BlockCode
 0002:000085E4       blockDescBlockList
 0002:000085E8       blockDescFreeList
 0001:00065424       BlockingSendInternetMessage
 0002:000000C8       BlockOverFoot
 0002:000000C4       BlockOverHead
 0002:000003C4       BooleanIdents
 0002:00000340       BooleanToStringRule
 0001:0000A940       BoolToStr
 0001:000123C4       BoolToWStrViaOS
 0002:000072AC       BorderStyles
 0002:00007558       BorderStyles
 0001:00016018       Bounds
 0001:00005F7C       Bounds
 0002:000077B0       Breaks
 0002:0000C514       BrushManager
 0001:000A6B08       BuildImage
 0001:00051B90       BuildListPS
 0001:00051A54       BuildListTH
 0002:00007254       ButtonCaptions
 0002:00007228       ButtonNames
 0002:0000782C       Buttons
 0001:000870C0       Buttons
 0002:000075D0       ButtonStyles
 0002:0000C6A4       ButtonWidths
 0002:000068F8       ByteRegs1
 0002:000068FC       ByteRegs2
 0001:00077BE0       BytesPerScanline
 0001:000611CC       BytesPerScanline
 0001:00060C00       BytesSwap
 0001:00077F44       ByteSwapColors
 0001:0000F210       ByteToCharIndex
 0001:0000F1E8       ByteToCharLen
 0001:0000F1AC       ByteType
 0001:0000F134       ByteTypeTest
 0002:0000C7F4       CachedComCtrlVer
 0002:0000B9D4       Cached_LogFile
 0001:00070D08       CalcAddr
 0001:00060C30       CalcCRC
 0001:00036110       CalcDecodedSize
 0001:00054668       CalcDuplicatedException
 0001:000360E4       CalcEncodedSize
 0001:0001E758       CalcJmpOffset
 0001:0009DD2C       CalcSplitterPos
 0001:0002B1B8       CalculateRelocatedAsmSize
 0001:00055680       CallAttachedFilesRequest
 0001:000556F0       CallAttachedFilesRequestEvents
 0001:00055824       CallCustomButtonClickEvent
 0001:00055890       CallCustomButtonClickEvents
 0001:000555B0       CallCustomDataRequest
 0001:00055620       CallCustomDataRequestEvents
 0001:00055754       CallCustomWebFieldsRequest
 0001:000557C4       CallCustomWebFieldsRequestEvents
 0001:00007108       CallerOfReallocMem
 0001:000552B4       CallExceptionActionNotify
 0001:00069380       CallExceptionActionNotify_atSavedLogFile
 0001:0006935C       CallExceptionActionNotify_atSavingLogFile
 0001:00064218       CallExceptionActionNotify_atSendingEmail
 0001:00064260       CallExceptionActionNotify_atSendingWebMessage
 0001:0006423C       CallExceptionActionNotify_atSentEmail
 0001:00064284       CallExceptionActionNotify_atSentWebMessage
 0001:000696FC       CallExceptionActionNotify_atShowedExceptionInfo
 0001:000696D8       CallExceptionActionNotify_atShowingExceptionInfo
 0001:00060520       CallExceptionActionNotify_atTerminating
 0001:00055428       CallExceptionErrorNotify
 0001:000693A4       CallExceptionErrorNotify_atSavedLogFile
 0001:000642A8       CallExceptionErrorNotify_atSentEmail
 0001:000642CC       CallExceptionErrorNotify_atSentWebMessage
 0001:000550BC       CallExceptionNotify
 0001:00055128       CallExceptionNotifyEvents
 0002:00006918       CallForGetLogText
 0002:00006914       CallFromCOMObject
 0001:0005518C       CallHandledExceptionNotify
 0001:000551F8       CallHandledExceptionNotifyEvents
 0001:0005562C       CallModuleEvent_AttachedFilesRequest
 0001:000557D0       CallModuleEvent_CustomButtonClickNotify
 0001:0005555C       CallModuleEvent_CustomDataRequest
 0001:000556FC       CallModuleEvent_CustomWebFieldsRequest
 0001:00055204       CallModuleEvent_ExceptionActionNotify
 0001:0005537C       CallModuleEvent_ExceptionErrorNotify
 0001:0005506C       CallModuleEvent_ExceptionNotify
 0001:00055134       CallModuleEvent_HandledExceptionNotify
 0001:0005589C       CallModuleEvent_PasswordRequest
 0001:000067B4       CallNextHookEx
 0001:000554F0       CallPasswordRequest
 0001:00057B90       CallStackByAddresses
 0001:0005BF8C       CallStackDialogProc
 0001:0000FEC8       CallTerminateProcs
 0001:000067BC       CallWindowProc
 0001:00069720       CallWriteIntraWebText
 0001:0006F78C       Call_HookedExceptionObject
 0001:0006F4E8       Call_HookedRaise
 0001:0006F7B8       Call_HookedRtlUnwind
 0001:00060788       CalsCoordinates
 0002:0000B792       CanAttachScreenshot
 0002:0000B78D       CanAttachScreenshot_Show
 0001:000919F4       CancelDrag
 0002:0000B793       CanCopy
 0002:0000B78E       CanCopy_Show
 0001:0005626C       CanExit
 0002:0000B755       CanHookLibraries
 0002:00006E3C       CannotProcessMessagesExceptions
 0002:00006E88       CannotShowDialog
 0002:0000B958       CannotUseThread
 0001:0006CE84       CanPauseThisThread
 0002:0000B78C       CanSendError_Show
 0002:0000B790       CanSendMessage
 0001:00070BA0       CanShowHandledExceptionEx
 0002:0000B78F       CanSupport_Show
 0002:0000C518       CanvasList
 0002:0000C7BC       CanvasList
 0002:0000BA04       CaptionFontName
 0002:00007200       Captions
 0002:0000BC40       CAPTION_HEIGHT
 0002:000076AC       CaptureControl
 0002:00002000       cBase64Codec
 0002:00002044       cBase64Codec
 0002:00007750       cBooleanToItemAutoFlag
 0001:00059F18       CenterOnActiveWndMonitor
 0001:00058890       CenterWindow
 0002:0000C6DA       CF_COMPONENT
 0002:0000C6D8       CF_PICTURE
 0002:0000B710       CGIHandleException
 0002:0000B6BC       CGIOutputFile
 0002:0000886C       ChangeAnyProc
 0001:0008FF74       ChangeBiDiModeAlignment
 0001:0000ACBC       ChangeFileExt
 0001:00072F3C       ChangeFinalizationOrder
 0001:0005F4B0       ChangeLogUserEmail
 0002:00007580       CharCases
 0001:00003CD4       CharFromWChar
 0001:0000F3F4       CharLength
 0001:000067C4       CharLowerBuff
 0001:000067CC       CharNext
 0001:00000254       CharNext
 0002:00005618       chars
 0001:0007649C       CharsetToIdent
 0001:0000F2FC       CharToByteIndex
 0001:0000F360       CharToByteLen
 0001:000067D4       CharToOemA
 0001:000067DC       CharUpperBuff
 0001:000789F8       CheckBool
 0001:000738C4       CheckCrc32
 0001:00022CFC       CheckDirectoryExists
 0001:00037F0C       CheckError
 0001:0002B87C       CheckFail
 0001:00072C20       CheckForMemoryLeaks
 0001:00053244       CheckForResult
 0001:00022AD4       CheckIntoIDE
 0001:000030F0       CheckJmp
 0001:0002D760       CheckLibrary
 0001:0004BE90       CheckMagicCode
 0001:000067E4       CheckMenuItem
 0001:00007884       CheckOurPointer
 0002:000077A0       Checks
 0001:0001ABEC       CheckSubComponents
 0001:0001CFDC       CheckSynchronize
 0001:000A9F80       CheckTaskWindow
 0001:000916A8       CheckUndock
 0001:0000F020       CheckWin32Version
 0002:00000344       CInvalidCustomVariantType
 0002:00007754       cItemAutoFlagToBoolean
 0002:0000774C       cItemAutoFlagToMenu
 0001:0001E9A8       Classes
 0001:00016AC4       ClassNotFound
 0002:00008868       ClearAnyProc
 0001:00075D1C       ClearColor
 0001:0004FDA4       ClearInternalError
 0001:0001371C       ClearVariantTypeList
 0002:0000BBA9       ClickLinkActive
 0001:00043538       ClickOnSign
 0001:000067EC       ClientToScreen
 0001:0009B2D0       ClientToWindow
 0002:000071A0       ClipboardFormats
 0001:00084C98       Clipbrd
 0001:0004E280       CloneObject
 0001:000067F4       CloseClipboard
 0001:000001F4       CloseHandle
 0001:000060F4       CloseHandle
 0001:0005464C       CloseLogFile
 0001:00062A1C       CloseSendDialog
 0001:0002A580       closesocket
 0002:0000C5B0       CloseThemeData
 0001:0002DF8C       CloseZipFile
 0002:0000B718       CLXHandleException
 0002:0000B71C       CLXShowException
 0002:00008040       CmdLine
 0002:0000803C       CmdShow
 0002:00007748       cMenuAutoFlagToItem
 0001:00010AB4       CmpUnimplemented
 0002:00006EB0       ColIdx
 0002:00006F20       Colors
 0001:00076294       ColorToIdent
 0002:000072C0       ColorToPretyName
 0001:00076284       ColorToRGB
 0002:0000BBDC       ColWidths
 0001:0000652C       CombineRgn
 0002:0000C744       ComCtlVersion
 0001:00087464       ComCtrls
 0002:0000C808       CommandPool
 0001:0007DC10       CommCtrl
 0001:0008044C       CommDlg
 0001:000007DC       Commit
 0002:00008628       committedRoot
 0001:0006189C       CommonSaveToStream
 0001:00056780       CompareEurekaFunctions
 0001:000A2A84       CompareFront
 0001:0000A1A8       CompareMem
 0001:00050FF0       CompareModulesFunctions
 0001:0005137C       CompareProcessesFunctions
 0001:0000A178       CompareStr
 0001:000060FC       CompareString
 0001:0000A1C8       CompareText
 0001:0000A868       CompareWith
 0001:00067800       CompleteIP
 0001:00039D8C       CompleteNumber
 0001:0003F288       CompleteStr
 0001:0004C430       CompleteStr
 0001:00068ABC       CompleteString
 0001:00021654       CompleteVersion
 0001:0001ACCC       ComponentCreated
 0001:00035388       Compress
 0001:0002F988       compressBound
 0001:000787B8       ComputeAldusChecksum
 0001:000256EC       ComputerName
 0001:0004DD2C       ComputerName
 0001:00084C54       ComStrs
 0001:0002A5AC       connect
 0001:000749A8       Consts
 0001:0007DB14       Contnrs
 0002:0000C77A       ControlAtom
 0002:0000C780       ControlAtomString
 0001:000AED2C       ControlHasHelp
 0001:0009E9AC       Controls
 0001:0000E558       ConvertAddr
 0001:000073F0       ConvertAddress
 0001:00022384       ConvertAddress
 0001:0000CBF4       ConvertEraString
 0001:0000A008       ConvertError
 0001:0000A020       ConvertErrorFmt
 0001:0003E95C       ConvertNotDosText
 0001:00036950       ConvertSpecialHTMLChars
 0001:0000CD60       ConvertYearString
 0001:00004E0C       CopyArray
 0001:0007AB94       CopyBitmap
 0001:0007B25C       CopyBitmapAsMask
 0001:00006534       CopyEnhMetaFile
 0001:00086E70       CopyImage
 0001:00006D84       CopyMemory
 0001:0007B1F8       CopyPalette
 0001:000067FC       CopyRect
 0002:000074F4       Copyright
 0001:00055BB4       CopyStrings
 0001:000A5BB4       CopyToBest
 0001:000082C8       CountAllLeaks
 0001:0000F26C       CountChars
 0002:0000C4F4       CounterLock
 0001:0005CE30       CPUDialogProc
 0001:0004D1E4       CPUToRTF
 0002:00000348       CRangeToType
 0002:00001DEC       Crc16Tab
 0001:0002FAE0       crc32
 0002:0000B1C0       crc_table
 0002:00001FEC       crc_table_computed
 0001:000613E0       Create8bitBitmap
 0001:0000EA74       CreateAssertException
 0001:0000EBFC       CreateAVObject
 0001:0000653C       CreateBitmap
 0001:00006544       CreateBrushIndirect
 0001:0000654C       CreateCompatibleBitmap
 0001:00006554       CreateCompatibleDC
 0001:0001AD4C       CreateComponent
 0001:00006EF8       CreateDialogA
 0001:00058524       CreateDialogFonts
 0001:00006804       CreateDialogParamA
 0001:00006564       CreateDIBitmap
 0001:0000655C       CreateDIBSection
 0001:0000B248       CreateDir
 0001:00006104       CreateDirectory
 0001:0000610C       CreateEvent
 0001:00059724       CreateExceptionReport
 0001:00006114       CreateFile
 0001:000001FC       CreateFileA
 0001:0000611C       CreateFileA
 0001:00006124       CreateFileMapping
 0001:0000656C       CreateFontA
 0001:00006574       CreateFontIndirect
 0001:0000657C       CreateFontIndirectA
 0001:0006972C       CreateGeneralText
 0001:00006584       CreateHalftonePalette
 0001:000525D0       CreateHTMLByLayout
 0001:00054C54       CreateHTMLFile
 0001:0000680C       CreateIcon
 0001:0000E9A0       CreateInOutError
 0001:00059A7C       CreateLeakReport
 0001:0006A994       CreateLogText
 0001:00006814       CreateMenu
 0001:00080F0C       CreateMessageDialog
 0001:0002D190       CreateMXQuery
 0001:00060FEC       CreateOctreeNode
 0001:0000658C       CreatePalette
 0001:00006594       CreatePenIndirect
 0001:0000681C       CreatePopupMenu
 0001:0000612C       CreateProcessA
 0001:0000659C       CreateRectRgn
 0001:000065A4       CreateRectRgnIndirect
 0001:000065AC       CreateSolidBrush
 0001:00077F9C       CreateSystemPalette
 0001:000529A8       CreateTemplateFile
 0001:0000025C       CreateThread
 0001:00006134       CreateThread
 0001:00059C24       CreateThreadStr
 0001:00063D04       CreateTmpLogFile
 0001:0004E8C0       CreateVirtualFile
 0001:00006EA0       CreateWindow
 0001:00006E48       CreateWindowEx
 0001:00054D20       CreateXMLLogCopy
 0001:000642F0       CreateZIPFile
 0001:0002DD34       CreateZipFile
 0001:000720F8       Create_EurekaLogUnitsList
 0002:000071F8       CreationControl
 0002:000075EC       CreationControl
 0002:000003B0       CRelationshipToBoolean
 0002:0000032C       CResult
 0002:00000D58       CriticalError
 0002:00006E60       CriticalExceptObject
 0002:00000154       cSimpleBoolStrs
 0002:0000035C       CText
 0002:000076E8       Ctl3DStyles
 0002:00008620       curAlloc
 0002:000086DC       CurrencyDecimals
 0002:000086D8       CurrencyFormat
 0002:000086D4       CurrencyString
 0002:0000B744       CurrentAsmErrorLine
 0002:0000B74C       CurrentAsmErrorText
 0002:0000B750       CurrentCPUErrorText
 0002:0000B7E0       CurrentDialog
 0001:00070D7C       CurrentEurekaLogOptions
 0002:0000B748       CurrentGeneralErrorText
 0002:0000B6B8       CurrentOptions
 0002:0000B7F8       CurrentProcessWindowsList
 0002:00006E4C       CurrentStackList
 0001:0000CA88       CurrentYear
 0001:0000C3F0       CurrToStr
 0001:00012354       CurrToWStrViaOS
 0002:000078C8       CursorMap
 0002:000075FC       Cursors
 0001:00090294       CursorToIdent
 0002:000078B8       cUseAlpha
 0002:000078C0       cUseColorKey
 0002:0000B65C       CustomButtonClickNotify
 0002:0000B650       CustomDataRequest
 0002:0000B77C       CustomExceptMessage
 0001:00072CB4       CustomHandler
 0002:00006920       CustomSmtpHeloCommand
 0002:0000B658       CustomWebFieldsRequest
 0002:0000B5C4       CV
 0001:0000A5AC       CvtInt
 0001:0000A618       CvtInt64
 0002:00000194       CWNear
 0001:0000C9D8       Date
 0002:000086DD       DateSeparator
 0001:0000D6CC       DateTimeToStr
 0001:00021BCC       DateTimeToStrFixed
 0001:0000D640       DateTimeToString
 0001:0000C544       DateTimeToTimeStamp
 0001:0000D69C       DateToStr
 0001:0001238C       DateToWStrViaOS
 0001:0000C9B0       DayOfWeek
 0002:0000B7F4       DbgSection
 0002:00000190       DCon10
 0002:00006F1C       DDBsOnly
 0001:0001E8D0       DeallocateHWnd
 0002:0000002C       DebugHook
 0002:0000B934       DebugHook_Assigned
 0001:000658E4       DebugToStr
 0002:000086DB       DecimalSeparator
 0001:0000C920       DecodeDate
 0001:0000C7D0       DecodeDateFully
 0001:000275A4       DecodeNameString
 0001:0000C638       DecodeTime
 0001:0000089C       Decommit
 0001:00000FC8       DecommitFree
 0002:000085FC       decommittedRoot
 0001:00035FDC       Decrypt
 0001:000AC9AC       Default
 0001:000B20C4       Default
 0002:00000024       Default8087CW
 0002:000075F0       DefaultDockTreeClass
 0002:00000038       DefaultTextLineBreakStyle
 0002:000085C0       DefaultUserCodePage
 0002:00007170       DefBrushData
 0001:00006844       DeferWindowPos
 0002:00006EF0       DefFontData
 0001:00006824       DefFrameProc
 0001:00030918       deflate
 0001:00030BDC       deflateEnd
 0001:0003032C       deflateInit_
 0002:00000220       DefLongDayNames
 0002:000001D4       DefLongMonthNames
 0001:0000682C       DefMDIChildProc
 0002:00007150       DefPenData
 0002:00000204       DefShortDayNames
 0002:000001A4       DefShortMonthNames
 0001:00006834       DefWindowProc
 0001:0000683C       DefWindowProcA
 0001:00005084       DelayLoadResourceModule
 0001:000004B8       DeleteBlock
 0001:000003C8       DeleteCriticalSection
 0001:0000613C       DeleteCriticalSection
 0001:000065B4       DeleteDC
 0001:000065BC       DeleteEnhMetaFile
 0001:0006445C       DeleteExtraFiles
 0001:00006144       DeleteFile
 0001:0000AC1C       DeleteFile
 0001:0000614C       DeleteFileA
 0001:00050F7C       DeleteFileEx
 0001:00000DB0       DeleteFree
 0001:0000684C       DeleteMenu
 0001:000065C4       DeleteObject
 0001:00060EF8       DeleteTree
 0001:0004EA2C       DeleteVirtualFile
 0002:00006ED0       DeniedChars
 0001:0007A750       DeselectBitmap
 0001:00006854       DestroyCursor
 0001:0005876C       DestroyDialogFonts
 0001:0000685C       DestroyIcon
 0001:00086F80       DestroyLocals
 0001:00006864       DestroyMenu
 0001:0000686C       DestroyWindow
 0002:0000BC1C       DetailsActive
 0001:0005A518       DetailsState
 0001:00006874       DialogBoxParamA
 0001:0008D81C       DialogEnumerationTester
 0002:0000BC28       DialogHeight
 0001:0008175C       Dialogs
 0002:0000B944       DialogType
 0002:000071AC       DIBPalSizes
 0002:00000094       dig
 0002:00000D5C       Digits
 0001:00052984       DirectoryExists
 0001:00008DD4       DisableMemoryLeaksCheck
 0001:000A9DBC       DisableTaskWindows
 0001:0000687C       DispatchMessage
 0001:000B000C       DispatchShortCut
 0002:00008000       DispCallByIDProc
 0001:00009FEC       DivMod
 0001:00080484       Dlgs
 0001:000581DC       DlgTemplate
 0002:00008918       DllList
 0001:00095EB8       DoAlign
 0001:000B133C       DoAlign
 0001:00099FB0       DoCalcConstraints
 0002:0000C7B0       DockSiteList
 0001:000A67D4       DoClick
 0001:000975FC       DoControlMsg
 0001:000A9D6C       DoDisableWindow
 0001:00090FD4       DoDragOver
 0001:0000A064       DoExitProc
 0001:0009C000       DoFindControlZone
 0001:000A9EC0       DoFindWindow
 0001:0009C58C       DoFindZone
 0001:0009C084       DoForEach
 0001:0009D990       DoGetNextLimit
 0001:00025A30       Done
 0001:0002BD70       Done
 0001:0002D5F0       Done
 0001:00008FC0       Done
 0001:000741F0       Done
 0001:000A9D34       DoneApplication
 0001:00071DC8       DoneCheckFreeze
 0001:0009E6F0       DoneControls
 0002:0000B70C       DoneExcept
 0001:00072EF0       DoneExceptAddr
 0001:0000EF30       DoneExceptions
 0001:00037990       DoneLib
 0001:00008B60       DoneShareMem
 0001:000AE388       DoNestedActivation
 0001:0001CF78       DoneThreadSynchronization
 0001:000B33E0       DoOnHelp
 0001:00095A78       DoPosition
 0001:000B118C       DoPosition
 0001:0009CFB8       DoPrune
 0001:0008309C       DoRect
 0001:0009D490       DoSaveZone
 0001:0009D694       DoSetNewBounds
 0001:00021F10       DotNetHostedFile
 0001:000663F4       DotNetHostedFileHandle
 0001:000663A8       DotNetMainFile
 0002:00006E70       DotNetMetadataFile
 0002:00006E90       Dots
 0002:000003CC       DotSep
 0001:0007986C       DoWrite
 0001:00017F48       DoWrite
 0001:00078C50       DoWrite
 0001:000A10E4       DoWrite
 0001:00096BE4       DoWriteDesignSize
 0001:00094650       DoWriteIsControl
 0002:0000C794       DragCapture
 0002:0000C788       DragControl
 0001:0009171C       DragDone
 0001:00090F84       DragFindTarget
 0001:00090F58       DragFindWindow
 0002:0000C7AC       DragImageList
 0001:00091374       DragInit
 0001:000914E4       DragInitControl
 0002:0000C790       DragInternalObject
 0001:00090EA0       DragMessage
 0002:0000C78C       DragObject
 0002:0000C7B8       DragSave
 0002:0000C7A0       DragSaveCursor
 0002:0000C798       DragStartPos
 0002:0000C7A4       DragThreshold
 0001:000910A4       DragTo
 0001:000B2100       DrawAppIcon
 0001:00042CFC       DrawBmp
 0001:000438A8       DrawBottom
 0001:0005F404       DrawButton
 0001:0005F298       DrawClickHere
 0001:0009CB24       DrawCloseButton
 0001:0005F210       DrawControl
 0001:00006884       DrawEdge
 0001:0000688C       DrawFocusRect
 0001:00043834       DrawFrame
 0001:00006894       DrawFrameControl
 0001:0009CB7C       DrawGrabberLine
 0001:0000689C       DrawIcon
 0001:000068A4       DrawIconEx
 0002:00007724       DrawingStyles
 0001:00043950       DrawItem
 0001:000438FC       DrawLine
 0001:000068AC       DrawMenuBar
 0001:000A7B44       DrawMenuItem
 0001:0005D3EC       DrawSupportLink
 0001:000068B4       DrawText
 0001:000068BC       DrawTextA
 0002:0000C5B4       DrawThemeBackground
 0002:0000C5D8       DrawThemeEdge
 0002:0000C5DC       DrawThemeIcon
 0002:0000C660       DrawThemeParentBackground
 0002:0000C5B8       DrawThemeText
 0001:00077A60       DupBits
 0002:0000B794       DuplicatedException
 0001:00006154       DuplicateHandle
 0001:00004E24       DynArrayClear
 0001:00004E2C       DynArraySetLength
 0001:000364B8       EBase64
 0001:000213B0       EConsts
 0001:00025A88       ECore
 0001:0002A2A0       EDebug
 0002:00007810       EdgeStyle
 0002:000076D8       EdgeStyles
 0001:0004B318       EDisAsm
 0001:000360DC       EEncrypt
 0001:00035D7C       EHash
 0001:0000E974       EHeapException.FreeInstance
 0001:0002BE84       EHook
 0001:0003EF18       ElaborateString
 0001:000381CC       ElaborateURL
 0001:00038334       ElaborateWebPage
 0001:0002BF94       ELang
 0001:00009080       ELeaks
 0001:00043F18       EListView
 0001:00042C24       ELogManager
 0002:0000759C       Empty
 0001:000068C4       EmptyClipboard
 0002:00008854       EmptyParam
 0002:000000D8       EmptyStr
 0002:000000DC       EmptyWideStr
 0002:00000458       EMsgs
 0001:00008C48       EnableMemoryLeaksCheck
 0001:000068CC       EnableMenuItem
 0002:000077A8       Enables
 0001:000068D4       EnableScrollBar
 0001:000A9E70       EnableTaskWindows
 0002:0000C648       EnableThemeDialogTexture
 0002:0000C664       EnableTheming
 0001:000068DC       EnableWindow
 0001:00060DE8       Encode
 0001:0000C7A0       EncodeDate
 0002:000055F4       EncodedChars
 0001:0000C5F8       EncodeTime
 0001:00063E68       EncodeURL
 0001:000068E4       EndDeferWindowPos
 0001:000068EC       EndDialog
 0001:000170E0       EndGlobalLoading
 0001:000068F4       EndPaint
 0001:00003BAC       EndThread
 0001:0000615C       EnterCriticalSection
 0001:000003B8       EnterCriticalSection
 0001:00006164       EnumCalendarInfoA
 0002:0000C548       EnumDisplayMonitors
 0001:0000E1CC       EnumEraNames
 0001:0000E208       EnumEraYearOffsets
 0001:000ACF70       EnumMonitorsProc
 0001:0000616C       EnumSystemLocalesA
 0001:000068FC       EnumThreadWindows
 0001:0001A4FC       EnumValue
 0001:00006904       EnumWindows
 0001:0005004C       EnumWindowsProc
 0001:000500F0       EnumWindowsProc
 0001:000501A8       EnumWindowsProc
 0001:000502BC       EnumWindowsProc
 0001:00026AC8       Eof
 0002:00005614       EOFLine
 0001:0000690C       EqualRect
 0002:000087A4       EraNames
 0001:0000D958       EraToYear
 0002:000087C0       EraYearOffsets
 0002:0000006C       errCaption
 0001:00001C58       Error
 0001:00008A28       Error
 0001:000A27D4       Error
 0001:00019CE0       Error
 0001:00061D10       Error
 0001:00016668       Error
 0002:00000004       ErrorAddr
 0001:00001C0C       ErrorAt
 0001:0000EA20       ErrorHandler
 0002:0000023C       ErrorMap
 0002:00008008       ErrorProc
 0002:000083E8       ErrOutput
 0002:00000C30       EShowOptions
 0001:0002D650       ESockets
 0001:0001EA6C       ETypes
 0002:00000450       EurekaLogCurrentVersion
 0002:0000B7B0       EurekaLogList
 0001:000625F4       EurekaLogSendEmail
 0002:00006924       EurekaLogUnits
 0002:0000B7D4       EurekaLogUnitsList
 0001:00056080       EurekaLog_AttachedFilesRequestEvent
 0001:0006FE78       EurekaLog_CallCreateThread
 0001:0006F5F8       EurekaLog_CallExceptObject
 0001:0006FFBC       EurekaLog_CallExitThread
 0001:0006F474       EurekaLog_CallGeneralRaise
 0001:0006FF18       EurekaLog_CallResumeThread
 0001:000561C8       EurekaLog_CustomButtonClickEvent
 0001:00055FDC       EurekaLog_CustomDataRequestEventEx
 0001:00056124       EurekaLog_CustomWebFieldsRequestEvent
 0001:00055E94       EurekaLog_ExceptionActionNotifyEvent
 0001:00055F38       EurekaLog_ExceptionErrorNotifyEvent
 0001:00055D4C       EurekaLog_ExceptionNotifyEvent
 0001:00055DF0       EurekaLog_HandledExceptionNotifyEvent
 0001:0006FE70       EurekaLog_LastDelphiException
 0001:00055C38       EurekaLog_PasswordRequestEvent
 0001:00055C7C       EurekaLog_PasswordRequestEventEx
 0002:000009B8       EVals
 0002:00000CF0       EVariablesOptions
 0001:0003E268       EWebTools
 0001:0002A824       EWinSock
 0001:00001B80       ExceptAddr
 0002:0000800C       ExceptClsProc
 0001:0000EE9C       ExceptHandler
 0001:0000E7E8       Exception.Create
 0001:0000E824       Exception.CreateFmt
 0001:0000E8A4       Exception.CreateRes
 0001:0000E8E0       Exception.CreateResFmt
 0002:0000B644       ExceptionActionNotify
 0002:0000801C       ExceptionClass
 0002:0000B68C       ExceptionCriticalSection
 0001:0000E564       ExceptionErrorMessage
 0002:0000B648       ExceptionErrorNotify
 0001:0004F340       ExceptionLine
 0001:00074668       ExceptionLog
 0001:000710AC       ExceptionManager
 0002:0000B63C       ExceptionNotify
 0002:0000B6C4       ExceptionNumber
 0002:0000B7E8       ExceptionsTime
 0002:0000B7EC       ExceptionTime
 0001:00052F10       ExceptionTypeByAddr
 0002:00000274       ExceptMap
 0001:0006EAD0       ExceptNotify
 0001:0006570C       ExceptNotifyAfter1
 0001:00065808       ExceptNotifyAfter2
 0001:0006581C       ExceptNotifyAfter3
 0001:00001B60       ExceptObject
 0002:00008010       ExceptObjProc
 0002:00008004       ExceptProc
 0001:000065CC       ExcludeClipRect
 0001:00022C70       ExcludeLastBackslash
 0002:00000000       ExitCode
 0001:0000395C       ExitDll
 0002:00008048       ExitProc
 0001:0000026C       ExitProcess
 0002:00008028       ExitProcessProc
 0002:00000150       ExitProcList
 0001:00000264       ExitThread
 0001:00006174       ExitThread
 0001:0003E810       EXMLBuilder
 0001:00021E24       ExpandEnvVars
 0001:0000AE98       ExpandFileName
 0001:0005684C       ExportedFunctions
 0001:000872AC       ExtActns
 0001:00084BF4       ExtCtrls
 0001:00087118       ExtDlgs
 0001:000541E0       ExtractDebugData
 0001:0000AD84       ExtractFileDrive
 0001:0000AE50       ExtractFileExt
 0001:0000AE18       ExtractFileName
 0001:00007094       ExtractFileName
 0001:0000AD50       ExtractFilePath
 0001:0000AED4       ExtractFilePathNoDrive
 0001:00071598       ExtractGZipStream
 0001:000218C8       ExtractList
 0001:0000AF68       ExtractRelativePath
 0001:00053D08       ExtractStr
 0001:00022858       ExtractStringsEx
 0001:0005953C       ExtractThreadByList
 0001:00040588       ExtractValue
 0001:0003660C       EZip
 0001:00035278       EZlib2
 0002:0000B9E0       fActive
 0002:00006E84       fActivePage
 0002:000087E0       FalseBoolStrs
 0002:0000B9FC       fBigFont
 0002:0000B9E4       fCaptionFont
 0002:0000C6E0       FClipboard
 0002:00000184       FCon1E18
 0002:0000B9D8       fDlgBack
 0001:00068E2C       FetchStr
 0002:0000B9EC       fFixedFont1
 0002:0000B9F0       fFixedFont2
 0001:0000AAA8       FileAge
 0001:0000AAA0       FileClose
 0001:0000AA08       FileCreate
 0001:0000A9E4       FileCreate
 0001:0000B1B8       FileDateToDateTime
 0001:0000AB10       FileExists
 0002:000071A4       FileFormats
 0002:0000000C       FileMode
 0001:00002134       FileNOPProc
 0001:0000A98C       FileOpen
 0001:0000AA10       FileRead
 0002:000003F8       FilerSignature
 0001:0000AA68       FileSeek
 0001:0000617C       FileTimeToDosDateTime
 0001:00006184       FileTimeToLocalFileTime
 0001:0000AA3C       FileWrite
 0001:00000EE8       FillAfterGap
 0001:00054EAC       FillAttachedList
 0001:00000E88       FillBeforeGap
 0001:00000F88       FillerSizeAfterGap
 0001:00000F10       FillerSizeBeforeGap
 0001:00006914       FillRect
 0001:00051438       FillThreadsCount
 0001:0003E7E0       Finalization
 0001:000B52B0       Finalization
 0001:000B5278       Finalization
 0001:00084C5C       Finalization
 0001:0007F388       Finalization
 0001:000B4F40       Finalization
 0001:00005F98       Finalization
 0001:000B4CE8       Finalization
 0001:00084CF0       Finalization
 0001:000A7E24       Finalization
 0001:000B4C0C       Finalization
 0001:000B4AFC       Finalization
 0001:000B49F0       Finalization
 0001:000B44BC       Finalization
 0001:0002A7F4       Finalization
 0001:00087088       Finalization
 0001:000B4524       Finalization
 0001:0007E3A0       Finalization
 0001:000B49B8       Finalization
 0001:000870E8       Finalization
 0001:000B48B4       Finalization
 0001:0007E360       Finalization
 0001:00011208       Finalization
 0001:00087138       Finalization
 0001:000B4798       Finalization
 0001:000B455C       Finalization
 0001:000744AC       Finalization
 0001:0003E218       Finalization
 0001:00010814       Finalization
 0001:0008CCA8       Finalization
 0001:0008CE10       Finalization
 0001:00010A14       Finalization
 0001:0002A2B0       Finalization
 0001:00087FAC       Finalization
 0001:0002A204       Finalization
 0001:0007DBE0       Finalization
 0001:000873EC       Finalization
 0001:000871A0       Finalization
 0001:000B4680       Finalization
 0001:00074978       Finalization
 0001:0008DA94       Finalization
 0001:000872B4       Finalization
 0001:0008725C       Finalization
 0001:00087204       Finalization
 0001:0002D5F8       Finalization
 0001:00035248       Finalization
 0001:0002BE30       Finalization
 0001:00084C24       Finalization
 0001:00084BAC       Finalization
 0001:0001E8F8       Finalization
 0001:00035D4C       Finalization
 0001:0001EA3C       Finalization
 0001:0007F3D0       Finalization
 0001:0007D64C       Finalization
 0001:00081700       Finalization
 0001:0002BF64       Finalization
 0001:00042BE8       Finalization
 0001:0007F408       Finalization
 0001:000365DC       Finalization
 0001:00013B68       Finalization
 0001:00013D84       Finalization
 0001:00025A34       Finalization
 0001:00036488       Finalization
 0001:00009048       Finalization
 0001:0007D82C       Finalization
 0001:000360AC       Finalization
 0001:0008025C       Finalization
 0001:000802CC       Finalization
 0001:0007DAE4       Finalization
 0001:00009394       Finalization
 0001:00080454       Finalization
 0001:0008041C       Finalization
 0001:00043EE8       Finalization
 0001:0004B27C       Finalization
 0001:0002132C       Finalization
 0001:0007F8D8       Finalization
 0001:00005CF0       Finalization
 0001:000803E4       Finalization
 0001:00014890       Finalization
 0001:00080304       Finalization
 0001:000A1834       Finalization
 0001:000B43E4       Finalization
 0001:00005F20       Finalization
 0001:000803AC       Finalization
 0001:000148E8       Finalization
 0001:0009E944       Finalization
 0001:00007008       Finalization
 0001:00080374       Finalization
 0001:0007F72C       Finalization
 0001:0008033C       Finalization
 0001:0009FC74       Finalization
 0002:00008684       FinalizationProc
 0001:00004E1C       FinalizeArray
 0001:00003770       FinalizeUnits
 0001:000A6594       Find
 0001:00005114       FindBS
 0001:00016B84       FindClass
 0001:0000507C       FindClassHInstance
 0001:0000AC00       FindClose
 0001:0000027C       FindClose
 0001:0000618C       FindClose
 0001:00000E44       FindCommitted
 0001:00090074       FindControl
 0001:0009C7B8       FindControlAtPos
 0001:000139C0       FindCustomVariantType
 0001:00013A78       FindCustomVariantType
 0001:00091A40       FindDragTarget
 0001:00063C84       FindEOFLine
 0001:00037DA4       FindErrorMessage
 0001:0006967C       FindException
 0001:0001AEFC       FindExistingComponent
 0001:0000AB8C       FindFirst
 0001:00006194       FindFirstFile
 0001:00000284       FindFirstFile
 0001:0000619C       FindFirstFileA
 0001:000516E0       FindFullPath
 0001:00054118       FindFunction
 0001:000A9FCC       FindGlobalComponent
 0001:00016F70       FindGlobalComponent
 0002:000088B8       FindGlobalComponentProcs
 0001:0004BEA4       FindHandled
 0001:00005054       FindHInstance
 0001:00016E18       FindIdentToInt
 0001:00007C7C       FindLeakAddress
 0001:00007EE0       FindLeakClassName
 0001:00007BAC       FindLeakSons
 0001:00073800       FindMainInstance
 0001:0000AB20       FindMatchingFile
 0001:00050730       FindModuleType
 0002:0000C6A0       FindMsg
 0001:0001A08C       FindNestedComponent
 0001:0000ABDC       FindNext
 0001:000061A4       FindNextFile
 0001:00007AF8       FindNextValidLeak
 0001:00026C40       FindParam
 0001:000A279C       FindPopupControl
 0001:0002A410       FindProc
 0001:00010ED0       FindProc
 0001:00051384       FindProcess
 0001:000061AC       FindResource
 0001:000061B4       FindResourceA
 0001:000050CC       FindResourceHInstance
 0001:000B3C14       FindScanline
 0001:00037500       FindSelected
 0001:000A9F24       FindTopMostWindow
 0001:0001BDE0       FindUniqueName
 0001:00091A0C       FindVCLWindow
 0001:0000691C       FindWindow
 0001:0008D874       FindWinHelp
 0001:0004BE5C       FirstProc
 0002:0000BA08       FixedFontName1
 0002:0000BA0C       FixedFontName2
 0002:0000BA00       FixedFontSize
 0002:0000BC44       FixedTmpOptionsFile
 0001:0007AB48       FixupBitFields
 0002:00007820       Flags
 0002:000087F0       FLanguages
 0001:0007F75C       FlatSB
 0002:0000C574       FlatSB_EnableScrollBar
 0002:0000C580       FlatSB_GetScrollInfo
 0002:0000C584       FlatSB_GetScrollPos
 0002:0000C57C       FlatSB_GetScrollRange
 0002:0000C58C       FlatSB_SetScrollInfo
 0002:0000C588       FlatSB_SetScrollPos
 0001:0007F44C       FlatSB_SetScrollProp
 0002:0000C590       FlatSB_SetScrollRange
 0002:0000C578       FlatSB_ShowScrollBar
 0002:0000B9F4       fLinkFont
 0002:0000B9F8       fLinkFont2
 0002:0000BB84       fListViewItems
 0002:00005FF8       FloatingPointOpcodes
 0001:0000C080       FloatToDecimal
 0001:0000C3C0       FloatToStr
 0001:0000BAB8       FloatToText
 0001:0000BD8C       FloatToTextFmt
 0001:00002398       Flush
 0001:000061BC       FlushInstructionCache
 0002:0000B9DC       fMemoBack
 0002:0000BB64       fMonitor
 0002:0000BB6C       fMonitorInfo
 0002:00000198       FMSecsPerDay
 0001:0000B9AC       FmtStr
 0002:0000783C       FocusCount
 0002:00007838       FocusMessages
 0002:000070C0       FontCharsets
 0002:0000C50C       FontManager
 0001:00070FF8       ForceApplicationTermination
 0001:00022D20       ForceDirectoriesEx
 0001:000A9FA0       ForegroundTask
 0002:000001A0       Format
 0001:0000B998       Format
 0001:0000B588       FormatBuf
 0001:0000B57C       FormatClearStr
 0001:0006929C       FormatComplete
 0001:0000D6E0       FormatDateTime
 0001:0000B500       FormatError
 0002:0000017C       FormatErrorStrs
 0001:0000C420       FormatFloat
 0001:000061C4       FormatMessage
 0001:00029BC0       FormatProcName
 0001:0000B558       FormatVarToStr
 0001:000B4440       Forms
 0001:00002810       FPower10
 0002:000071F4       FPrinter
 0001:00083160       Frame3D
 0001:00006924       FrameRect
 0001:00008288       FreeAllLeaks
 0001:000103F4       FreeAndNil
 0001:0004E2B4       FreeClonedObject
 0001:00000B44       FreeCommitted
 0001:0000117C       FreeCurAlloc
 0001:00091B00       FreeDeviceContext
 0001:00091BBC       FreeDeviceContexts
 0001:0001E6C4       FreeIntConstList
 0001:0000028C       FreeLibrary
 0001:000061CC       FreeLibrary
 0001:0007A6A4       FreeMemoryContexts
 0001:0001E7F8       FreeObjectInstance
 0001:0004EFEC       FreeOutOfMemoryCache
 0001:000061EC       FreeResource
 0001:00061CD4       FreeScreenshot
 0001:00000714       FreeSpace
 0001:0000FEF4       FreeTerminateProcs
 0001:0007F910       FreeThemeLibrary
 0002:0000B758       FreezeThread
 0002:0000C740       FRichEditModule
 0002:0000C85C       FSecretariaEletronica
 0002:0000BB68       fSendBmp
 0002:0000B618       FtpOpenFile
 0001:0003DC48       FTPUploadFiles
 0002:0000B9E8       fVariableFont
 0001:00077A50       GDICheck
 0001:000779A8       GDIError
 0001:0005CC28       GeneralDialogProc
 0001:0006F254       GeneralRaise
 0001:0004C9E4       GeneralToRTF
 0001:00064E18       GenerateCustomWebFieldsString
 0001:00052860       GenerateHTML
 0001:0003D08C       GenerateMultipartBoundary
 0001:00038B5C       GenerateMultipartBoundary
 0001:0003D1C8       GenerateRequestBody
 0001:00038C2C       GenerateRequestBody
 0001:00002040       Get8087CW
 0001:000061F4       GetACP
 0001:00066C38       GetActiveControlClass
 0001:00066C50       GetActiveControlText
 0001:00066B58       GetActiveFormClass
 0001:00066BA4       GetActiveFormText
 0001:00059C94       GetActiveMonitorData
 0001:0000692C       GetActiveWindow
 0001:00067944       GetAdapterInfo
 0001:00051404       GetAllocatedMemory
 0001:000540F8       GetAndSetFunctionSize
 0001:000B1818       GetAnimation
 0001:000674AC       GetApplicationName
 0001:00050220       GetApplicationRect
 0001:00066B38       GetApplicationUpTime
 0001:0002AF98       GetAsmSize
 0001:00080868       GetAveCharSize
 0001:00057FD8       GetBaseOfStack
 0001:0008537C       GetBitBtnGlyph
 0001:000065D4       GetBitmapBits
 0001:000003D0       GetBlockDesc
 0001:0005F37C       GetBottonWidth
 0001:000065DC       GetBrushOrgEx
 0001:00006E08       GetBValue
 0001:00057EB4       GetCallStackByAddresses
 0001:0004F02C       GetCallStackDump
 0001:00006934       GetCapture
 0001:0009033C       GetCaptureControl
 0001:00016B30       GetClass
 0001:0000693C       GetClassInfo
 0001:00006944       GetClassName
 0001:0000694C       GetClassNameA
 0001:00006954       GetClientRect
 0001:0000695C       GetClipboardData
 0001:00079418       GetClipboardFormats
 0001:000065E4       GetClipBox
 0001:0000036C       GetCmdShow
 0001:0009FECC       GetColor
 0001:00043D68       GetColumnAlign
 0001:00043D3C       GetColumnCount
 0001:0008738C       GetComCtlVersion
 0001:00006204       GetCommandLine
 0001:00000294       GetCommandLine
 0001:00000958       GetCommitted
 0001:00000A00       GetCommittedAt
 0001:00068CD4       GetCompanyName
 0001:00066AD0       GetCompilationDate
 0001:0004C4B8       GetCompleteTimeStr
 0001:0000620C       GetComputerNameA
 0001:000971B0       GetControlAtPos
 0001:0006E554       GetControlClass
 0001:0006E5B0       GetControlText
 0001:0000CB4C       GetCount
 0001:000061FC       GetCPInfo
 0001:00035324       GetCRC16
 0001:000352DC       GetCRC32
 0001:0000B224       GetCurrentDir
 0001:0000029C       GetCurrentDirectory
 0001:000065EC       GetCurrentObject
 0001:000065F4       GetCurrentPositionEx
 0001:00068FC8       GetCurrentPrinterHandle
 0001:00006214       GetCurrentProcess
 0001:0000621C       GetCurrentProcessId
 0001:00057FE0       GetCurrentStackPointer
 0001:000710A4       GetCurrentStackPointer
 0002:0000C658       GetCurrentThemeName
 0001:00006224       GetCurrentThread
 0001:0000622C       GetCurrentThreadId
 0001:0000035C       GetCurrentThreadId
 0001:00006D7C       GetCurrentTime
 0001:0004E2D4       GetCurrentTopOfStack
 0001:00068AFC       GetCurrentUserPrivileges
 0001:00006964       GetCursor
 0001:000B3C24       GetCursorHeightMargin
 0001:0000696C       GetCursorPos
 0001:000079D0       GetDataCaller
 0001:0000CB7C       GetDate
 0001:00006234       GetDateFormat
 0001:0000D870       GetDateOrder
 0001:00006974       GetDC
 0001:0000697C       GetDCEx
 0001:000065FC       GetDCOrgEx
 0001:00057734       GetDebugDetail
 0001:00065984       GetDebugInfoEx
 0001:000544D8       GetDebugInfosByAddr
 0001:00053EE4       GetDebugPartialInfo
 0001:00068EE0       GetDefaultPrinter
 0001:0007D254       GetDefFontCharSet
 0001:00006984       GetDesktopWindow
 0001:00006614       GetDeviceCaps
 0001:0005D038       GetDialogState
 0001:000789E0       GetDIB
 0001:00006604       GetDIBColorTable
 0001:0000660C       GetDIBits
 0001:00078928       GetDIBSizes
 0001:00077BC0       GetDInColors
 0001:0000623C       GetDiskFreeSpaceA
 0002:0000014C       GetDiskFreeSpaceEx
 0001:0006725C       GetDiskInfo
 0001:00068A08       GetDisplayDPI
 0001:00067760       GetDisplayMode
 0001:0000698C       GetDlgItem
 0001:0002CD80       GetDNSList
 0001:0009DA70       GetDockAlign
 0001:00090CE4       GetDockSiteAtPos
 0001:0002CF4C       GetDomain
 0001:0002D0B8       GetDomainName
 0001:00091010       GetDropCtl
 0001:0006A624       GetDump
 0001:00002E98       GetDynaMethod
 0001:0006A324       GetEAX
 0001:0006A384       GetEBX
 0001:0006A3E4       GetECX
 0001:0006A504       GetEDI
 0001:00058FB0       GetEditText
 0001:0006A444       GetEDX
 0001:00056498       GetEF
 0001:00049C70       GetEffectiveAddress
 0001:0006A5C4       GetEIP
 0001:0006A8A0       GetEmptySection
 0001:0000661C       GetEnhMetaFileBits
 0001:00006624       GetEnhMetaFileHeader
 0001:0000662C       GetEnhMetaFilePaletteEntries
 0001:00013DF4       GetEnumName
 0001:00013ECC       GetEnumNameValue
 0001:00013F18       GetEnumValue
 0001:00006244       GetEnvironmentVariableA
 0001:00021CE8       GetEnvVariable
 0001:0000E280       GetEraNamesAndYearOffsets
 0001:0000D904       GetEraYearOffset
 0001:0006A4A4       GetESI
 0001:0004F01C       GetESP
 0001:0006A564       GetESP
 0001:00022080       GetEurekaLogDir
 0001:00056D5C       GetEurekaLogModuleVersion
 0001:00066E4C       GetExceptionAddress
 0001:0000EBE4       GetExceptionClass
 0001:00066E34       GetExceptionDate
 0001:00066898       GetExceptionMessage
 0001:00066E80       GetExceptionModuleName
 0001:00066F64       GetExceptionModuleVersion
 0001:0000EDD0       GetExceptionObject
 0001:00066FE8       GetExceptionType
 0001:000580EC       GetExceptMessage
 0001:0000624C       GetExitCodeProcess
 0001:00006254       GetExitCodeThread
 0001:00016AB8       GetFieldClassTable
 0001:00036DA0       GetFieldValue
 0001:0000625C       GetFileAttributes
 0001:00006264       GetFileAttributesA
 0001:00037D38       GetFileContents
 0001:0003D15C       GetFileContents
 0001:000793F8       GetFileFormats
 0001:0002DD8C       GetFileSize
 0001:0000020C       GetFileSize
 0001:00050F48       GetFileSize
 0001:0003DC0C       GetFileSize
 0001:00000204       GetFileType
 0001:0000F040       GetFileVersion
 0001:00067EAC       GetFileVersionEx
 0001:000064F4       GetFileVersionInfo
 0001:000064FC       GetFileVersionInfoA
 0001:00006504       GetFileVersionInfoSize
 0001:0000650C       GetFileVersionInfoSizeA
 0001:00006994       GetFocus
 0001:00021F38       GetFolder
 0001:000764BC       GetFontData
 0001:0000699C       GetForegroundWindow
 0001:0000F968       GetFormatSettings
 0001:0000747C       GetFramesCallStackDump
 0001:00067354       GetFreeDisk
 0001:000671DC       GetFreeMemory
 0001:0000626C       GetFullPathName
 0001:00065C74       GetFunctionAsm
 0001:0002B0EC       GetFunctionSize
 0001:00022A8C       GetGMT
 0001:00006E04       GetGValue
 0001:00006274       GetHandleInformation
 0001:00075A04       GetHashCode
 0001:000AED64       GetHelpInfo
 0001:0007E820       GetHelpSystem
 0001:000B15FC       GetHint
 0001:000B1634       GetHintControl
 0001:0002A6D0       gethostbyname
 0001:0002A70C       gethostname
 0001:000A7CC4       GetHotkey
 0001:0003D498       GetHTTPResponse
 0001:00038444       GetHTTPResponse
 0001:000069A4       GetIconInfo
 0001:00029EF8       GetImageNtHeaders
 0001:000680A0       GetIndexKeyName
 0001:00068E80       GetIniDefPrinter
 0001:0006EF28       GetIntraWebExceptionType
 0001:00042CD4       GetItemRect
 0001:0005BF40       GetItemText
 0001:000069BC       GetKeyboardLayout
 0001:000069C4       GetKeyboardLayoutList
 0001:000069CC       GetKeyboardState
 0001:00002AFC       GetKeyboardType
 0001:000069AC       GetKeyNameText
 0001:000069B4       GetKeyState
 0001:00066DE8       GetLanguageString
 0001:000069D4       GetLastActivePopup
 0001:0009BD38       GetLastChildZone
 0001:000002A4       GetLastError
 0001:0000627C       GetLastError
 0001:00007C1C       GetLeakCount
 0001:00037714       GetListDefault
 0001:0003738C       GetListValue
 0001:0000E044       GetLocaleChar
 0001:00066CBC       GetLocaleDataA
 0001:00066C7C       GetLocaleDataW
 0001:0000628C       GetLocaleInfo
 0001:000002AC       GetLocaleInfo
 0001:00006294       GetLocaleInfoA
 0001:0000629C       GetLocaleInfoW
 0001:0000DFF8       GetLocaleStr
 0001:00006284       GetLocalTime
 0001:000902F8       GetLongHint
 0001:00022470       GetLongNameFromShort
 0001:000141C4       GetLongStrProp
 0001:00050084       GetMainWindow
 0001:00006634       GetMapMode
 0001:00035C44       GetMD5
 0001:00067090       GetMemInfo
 0001:00001B28       GetMemoryManager
 0001:000069DC       GetMenu
 0001:000AECEC       GetMenuHelpContext
 0001:000069E4       GetMenuItemCount
 0001:000069EC       GetMenuItemID
 0001:000069F4       GetMenuItemInfo
 0001:000A4DE0       GetMenuSize
 0001:000069FC       GetMenuState
 0001:00006A04       GetMenuString
 0001:00014768       GetMethodProp
 0001:000223CC       GetModifiedDate
 0001:0002DC30       GetModifiedDate
 0001:00050B00       GetModuleDescriptionAndVersion
 0001:000062A4       GetModuleFileName
 0001:000002B4       GetModuleFileName
 0001:000062AC       GetModuleFileNameA
 0001:00005E18       GetModuleHandle
 0001:000062B4       GetModuleHandle
 0001:000002BC       GetModuleHandle
 0001:000062BC       GetModuleHandleA
 0001:000508F4       GetModulePath
 0001:000509D0       GetModuleSize
 0001:000512EC       GetModulesList
 0001:0005115C       GetModulesWin9X
 0001:00050FF8       GetModulesWinNT
 0001:00050A60       GetModuleVer
 0001:00055014       GetModule_ProcedureEvent
 0002:0000C53C       GetMonitorInfo
 0002:0000C540       GetMonitorInfoA
 0002:0000C544       GetMonitorInfoW
 0001:00059EF4       GetMonitorWorkAreaFromActiveWnd
 0001:00059ED0       GetMonitorWorkAreaFromWnd
 0001:00059DE8       GetMonitorWorkAreaFromWndEx
 0001:0000E0A8       GetMonthDayNames
 0001:0002D2E4       GetMXBestRecord
 0001:0002D21C       GetMXRecord
 0001:0002D3D4       GetMXServerFromEmail
 0001:00067D10       GetNetworkData
 0001:00006A0C       GetNextWindow
 0001:0000663C       GetObject
 0001:000079E4       GetObjectCaller
 0001:00061370       GetOptimizedPalette
 0001:000375F0       GetOptionsDefault
 0001:000089D8       GetOptionsFromExeFile
 0001:0003718C       GetOptionsValue
 0001:00013FEC       GetOrdProp
 0001:0004DCF8       GetOSBuild
 0001:00066E1C       GetOSCharset
 0001:00066E10       GetOSLanguage
 0001:0004D8D0       GetOSType
 0001:00066C68       GetOSUpdate
 0001:0004EFD0       GetOutOfMemoryCache
 0001:00060F34       GetPaletteColors
 0001:00006644       GetPaletteEntries
 0001:00066A40       GetParameters
 0001:00001E18       GetParamStr
 0001:00006A14       GetParent
 0001:000AA198       GetParentForm
 0001:00051DBC       GetParentProcessID
 0001:0005900C       GetParentWnd
 0001:000570B0       GetPassword
 0001:0000664C       GetPixel
 0001:00069040       GetPrinterStr
 0001:000062C4       GetPriorityClass
 0001:000062CC       GetPrivateProfileStringA
 0001:000002C4       GetProcAddress
 0001:000062D4       GetProcAddress
 0001:00051BF0       GetProcessesList
 0001:0006757C       GetProcessor
 0001:00050EB8       GetProcessThreads
 0001:000062DC       GetProfileStringA
 0001:00006A1C       GetProp
 0001:00013F7C       GetPropInfo
 0001:000074F4       GetRawCallStackDump
 0001:00008924       GetRawOptions
 0001:0000711C       GetReadableSize
 0001:000222E4       GetReadableSize
 0001:000547BC       GetRealFileName
 0001:000AA658       GetRealScrollPosition
 0001:00049634       GetRefAddress
 0001:00049778       GetRegName
 0001:00053020       GetResourceData
 0001:000088DC       GetResourceData
 0001:0009FEAC       GetRGBColor
 0001:00006E00       GetRValue
 0001:00006A24       GetScrollInfo
 0001:00006A2C       GetScrollPos
 0001:00006A34       GetScrollRange
 0001:000902B4       GetShortHint
 0001:000140BC       GetShortStrProp
 0001:00014154       GetShortStrPropAsLongStr
 0001:0005339C       GetSourceInfoByAddr
 0001:00000638       GetSpace
 0001:0000069C       GetSpaceAt
 0001:000A282C       GetSpecialName
 0001:0006A810       GetStack
 0001:00067494       GetStartDate
 0001:000002CC       GetStartupInfo
 0001:000062E4       GetStartupInfoA
 0001:00000214       GetStdHandle
 0001:000062EC       GetStdHandle
 0001:00006654       GetStockObject
 0001:000062F4       GetStringTypeEx
 0001:000142F4       GetStrProp
 0001:00006A3C       GetSubMenu
 0001:00053B8C       GetSymbolAddr
 0001:00006A44       GetSysColor
 0001:00006A4C       GetSysColorBrush
 0001:000062FC       GetSystemDefaultLangID
 0001:00006304       GetSystemInfo
 0001:00006A54       GetSystemMenu
 0001:00006A5C       GetSystemMetrics
 0002:0000C52C       GetSystemMetrics
 0001:0000665C       GetSystemPaletteEntries
 0001:0000630C       GetSystemTime
 0001:00067724       GetSystemUpTime
 0001:00036B40       GetTagValue
 0001:00006314       GetTempPathA
 0001:00036F80       GetTextAreaValue
 0001:00006674       GetTextExtentPoint
 0001:00006664       GetTextExtentPoint32
 0001:0000666C       GetTextExtentPoint32A
 0001:00058D48       GetTextHeight
 0001:0000667C       GetTextMetrics
 0001:00058F2C       GetTextWidth
 0002:0000C650       GetThemeAppProperties
 0002:0000C5BC       GetThemeBackgroundContentRect
 0002:0000C5C0       GetThemeBackgroundExtent
 0002:0000C5D0       GetThemeBackgroundRegion
 0002:0000C5F4       GetThemeBool
 0002:0000C5E8       GetThemeColor
 0002:0000C65C       GetThemeDocumentationProperty
 0002:0000C5FC       GetThemeEnumValue
 0002:0000C61C       GetThemeFilename
 0002:0000C604       GetThemeFont
 0002:0000C5F8       GetThemeInt
 0002:0000C610       GetThemeIntList
 0002:0000C60C       GetThemeMargins
 0002:0000C5EC       GetThemeMetric
 0002:0000C5C4       GetThemePartSize
 0002:0000C600       GetThemePosition
 0002:0000C614       GetThemePropertyOrigin
 0002:0000C608       GetThemeRect
 0002:0000C5F0       GetThemeString
 0002:0000C628       GetThemeSysBool
 0002:0000C620       GetThemeSysColor
 0002:0000C624       GetThemeSysColorBrush
 0002:0000C630       GetThemeSysFont
 0002:0000C638       GetThemeSysInt
 0002:0000C62C       GetThemeSysSize
 0002:0000C634       GetThemeSysString
 0002:0000C5C8       GetThemeTextExtent
 0002:0000C5CC       GetThemeTextMetrics
 0001:0000631C       GetThreadContext
 0001:000595D4       GetThreadData
 0001:000002D4       GetThreadLocale
[...]
 16347 0001:00070FD8 16348 0001:00070FDA 16349 0001:00070FE0 16350 0001:00070FE2
 16351 0001:00070FE4 16352 0001:00070FE6 16353 0001:00070FEB 16354 0001:00070FF0
 16357 0001:00070FF1 16360 0001:00070FF6 16526 0001:00070FF8 16527 0001:00070FFD
 16528 0001:00071004 16530 0001:00071008 16531 0001:0007100F 16532 0001:00071018
 16534 0001:00071027 16536 0001:00071036 16694 0001:0007103C 16695 0001:00071043
 16696 0001:0007104D 16697 0001:0007105B 16699 0001:00071079 16701 0001:0007108E
 16722 0001:00071094 16723 0001:00071099 16727 0001:0007109C 16728 0001:000710A1
 16756 0001:000710A4 16757 0001:000710A6 16758 0001:000710A9 16760 0001:000710AC
 16761 0001:000710BC 16763 0001:000710C0 16764 0001:000710CA 16765 0001:000710D8
 16767 0001:000710E1 16768 0001:000710F8 16770 0001:000710FC 16771 0001:0007110F
 16775 0001:00071119 16782 0001:00071155 16784 0001:00071160 16785 0001:00071166
 16787 0001:0007116E 16789 0001:00071190 16791 0001:000711A8 16793 0001:000711B4
 16797 0001:000711E7 16799 0001:000711FC 16825 0001:0007123C 16826 0001:00071242
 16827 0001:0007125F 16828 0001:00071269 16833 0001:0007126C 16834 0001:00071272
 16835 0001:0007128F 16836 0001:00071299 16842 0001:0007129C 16843 0001:000712A5
 16846 0001:000712CB 16847 0001:000712D5 16848 0001:000712E3 16850 0001:000712FA
 16853 0001:00071309 16856 0001:00071310 16857 0001:00071316 16859 0001:00071342
 16860 0001:0007134C 16865 0001:00071350 16866 0001:00071356 16867 0001:00071373
 16868 0001:0007137D 16871 0001:00071380 16872 0001:00071386 16874 0001:0007139D
 16875 0001:000713B7 16877 0001:000713C4 16878 0001:000713CE 16887 0001:000713D4
 16888 0001:000713EF 16889 0001:000713F7 16891 0001:000713FD 16892 0001:00071416
 16894 0001:0007141C 16895 0001:0007142E 16898 0001:00071445 16899 0001:0007145E
 16900 0001:00071464 16902 0001:00071483 16903 0001:00071492 16904 0001:000714A7
 16905 0001:000714CB 16916 0001:00071518 16917 0001:0007152C 16919 0001:00071580
 16933 0001:00071598 16934 0001:000715B8 16935 0001:000715C7 16937 0001:000715CD
 16938 0001:000715DB 16940 0001:000715F1 16941 0001:0007160B 16942 0001:00071616
 16943 0001:00071624 16944 0001:00071639 16945 0001:00071641 16947 0001:0007164D
 16948 0001:0007165F 16949 0001:0007166D 16951 0001:00071688 16954 0001:000716A8
 16956 0001:000716D8 16958 0001:000716E0 16959 0001:00071700 16961 0001:0007170F
 16962 0001:0007171E 16963 0001:0007172C 16964 0001:0007173A 16965 0001:00071748
 16966 0001:00071757 16967 0001:0007176F 16968 0001:00071786 16971 0001:000717A4
 16972 0001:000717CE 16974 0001:000717DB 16975 0001:000717EA 16976 0001:000717F8
 16977 0001:00071814 16978 0001:00071820 16979 0001:0007182F 16980 0001:0007183D
 16981 0001:00071848 16982 0001:00071854 16983 0001:00071865 16985 0001:0007188D
 16988 0001:000718AA 16991 0001:000718BA 16994 0001:000718D4 16997 0001:000718FA
 17000 0001:0007190A 17001 0001:00071935 17009 0001:00071948 17010 0001:0007196B
 17013 0001:0007198C 17014 0001:00071990 17017 0001:000719A7 17018 0001:000719C0
 17020 0001:000719F2 17025 0001:000719FC 17026 0001:00071A02 17027 0001:00071A1C
 17028 0001:00071A26 17034 0001:00071A2C 17035 0001:00071A33 17037 0001:00071A35
 17038 0001:00071A3A 17039 0001:00071A3C 17041 0001:00071A3E 17042 0001:00071A42
 17043 0001:00071A47 17044 0001:00071A49 17046 0001:00071A4B 17047 0001:00071A50
 17048 0001:00071A56 17049 0001:00071A57 17050 0001:00071A5D 17051 0001:00071A5F
 17052 0001:00071A61 17053 0001:00071A63 17054 0001:00071A69 17055 0001:00071A6B
 17056 0001:00071A6D 17057 0001:00071A6F 17058 0001:00071A74 17059 0001:00071A76
 17060 0001:00071A7B 17061 0001:00071A7D 17062 0001:00071A7E 17063 0001:00071A83
 17064 0001:00071A84 17067 0001:00071A89 17068 0001:00071A8F 17073 0001:00071A90
 17074 0001:00071AA2 17075 0001:00071AC4 17090 0001:00071AC8 17091 0001:00071AD2
 17094 0001:00071AD6 17095 0001:00071ADC 17092 0001:00071ADD 17097 0001:00071AED
 17100 0001:00071AF4 17102 0001:00071AFB 17103 0001:00071B07 17104 0001:00071B11
 17105 0001:00071B23 17107 0001:00071B28 17109 0001:00071B4C 17112 0001:00071B4E
 17115 0001:00071B5C 17117 0001:00071B75 17120 0001:00071B7E 17121 0001:00071B8F
 17123 0001:00071B91 17124 0001:00071BAA 17125 0001:00071BC9 17127 0001:00071BD1
 17128 0001:00071BDC 17129 0001:00071BE8 17130 0001:00071BF6 17131 0001:00071C08
 17132 0001:00071C12 17135 0001:00071C40 17137 0001:00071C67 17140 0001:00071C75
 17142 0001:00071CB0 17146 0001:00071CCD 17147 0001:00071CD8 17150 0001:00071CEC
 17151 0001:00071D19 17156 0001:00071D20 17157 0001:00071D23 17160 0001:00071D3E
 17161 0001:00071D45 17162 0001:00071D53 17163 0001:00071D70 17165 0001:00071D77
 17166 0001:00071D88 17167 0001:00071D91 17168 0001:00071D9D 17170 0001:00071DB4
 17172 0001:00071DC3 17176 0001:00071DC8 17178 0001:00071DDA 17179 0001:00071DE4
 17180 0001:00071DF2 17182 0001:00071E04 17183 0001:00071E14 17184 0001:00071E1E
 17185 0001:00071E25 17192 0001:00071E28 17193 0001:00071E2E 17195 0001:00071E37
 17197 0001:00071E3F 17198 0001:00071E48 17199 0001:00071E52 17201 0001:00071E59
 17205 0001:00071E61 17206 0001:00071E6A 17209 0001:00071E70 17210 0001:00071E76
 17212 0001:00071E7F 17214 0001:00071E84 17215 0001:00071E8D 17216 0001:00071E9A
 17218 0001:00071EA1 17222 0001:00071EA9 17223 0001:00071EB2 17227 0001:00071EB8
 17228 0001:00071EBD 17232 0001:00071EC0 17233 0001:00071EC5 17242 0001:00071EC8
 17243 0001:00071EEC 17246 0001:00071F28 17247 0001:00071F3F 17248 0001:00071F46
 17252 0001:00071F55 17253 0001:00071F6C 17257 0001:00071F7B 17258 0001:00071F92
 17262 0001:00071FA1 17263 0001:00071FB8 17267 0001:00071FC7 17268 0001:00071FDE
 17272 0001:00071FED 17273 0001:00072004 17277 0001:00072013 17278 0001:0007202A
 17279 0001:00072047 17283 0001:0007204E 17284 0001:00072065 17288 0001:00072071
 17289 0001:00072088 17293 0001:00072094 17294 0001:000720AB 17297 0001:000720E4
 17400 0001:000720F8 17401 0001:00072113 17402 0001:00072121 17403 0001:0007212A
 17405 0001:00072134 17406 0001:00072148 17403 0001:0007214B 17407 0001:0007216B
 17420 0001:00072174 17421 0001:0007218E 17424 0001:0007219B 17426 0001:000721A9
 17427 0001:000721B0 17429 0001:000721C7 17433 0001:000721E2 17434 0001:000721F0
 17435 0001:000721F7 17437 0001:0007220E 17442 0001:00072229 17443 0001:00072237
 17444 0001:0007223E 17445 0001:00072245 17447 0001:00072251 17448 0001:00072258
 17450 0001:00072269 17451 0001:00072282 17452 0001:0007228B 17454 0001:00072293
 17457 0001:000722A4 17458 0001:000722B1 17460 0001:000722D4 17462 0001:000722EA
 17463 0001:000722FB 17464 0001:0007230E 17465 0001:00072321 17466 0001:00072332
 17467 0001:0007233C 17468 0001:00072346 17469 0001:00072350 17470 0001:0007235A
 17471 0001:00072369 17472 0001:00072370 17474 0001:00072392 17476 0001:000723A0
 17477 0001:000723A9 17478 0001:000723B1 17480 0001:000723B9 17481 0001:000723CA
 17482 0001:000723DB 17483 0001:000723EC 17484 0001:000723F1 17485 0001:00072402
 17486 0001:00072413 17487 0001:00072424 17489 0001:00072438 17491 0001:00072469
 17499 0001:000724DC 17500 0001:00072503 17502 0001:00072510 17503 0001:00072514
 17504 0001:00072522 17506 0001:0007252A 17507 0001:00072536 17508 0001:00072549
 17511 0001:00072563 17513 0001:00072569 17514 0001:0007256D 17516 0001:00072571
 17517 0001:0007257D 17520 0001:0007258A 17521 0001:0007258E 17522 0001:000725B1
 17523 0001:000725B7 17524 0001:000725BD 17526 0001:000725C9 17504 0001:000725CD
 17528 0001:000725D6 17529 0001:000725DF 17530 0001:000725E8 17532 0001:00072604
 17534 0001:00072628 17536 0001:00072637 17544 0001:0007265C 17545 0001:0007267E
 17547 0001:0007268B 17549 0001:000726A7 17553 0001:000726B5 17555 0001:000726BC
 17558 0001:000726DB 17562 0001:00072758 17564 0001:00072766 17566 0001:0007279D
 17569 0001:000727BC 17574 0001:000727CD 17575 0001:000727D7 17578 0001:000727DE
 17579 0001:000727EC 17580 0001:000727F3 17581 0001:000727FD 17582 0001:00072804
 17583 0001:0007280E 17584 0001:00072815 17585 0001:0007281F 17586 0001:00072826
 17587 0001:00072830 17588 0001:0007283A 17589 0001:00072844 17590 0001:0007284E
 17591 0001:00072858 17592 0001:0007285F 17593 0001:00072869 17594 0001:00072870
 17595 0001:0007287A 17596 0001:00072881 17597 0001:0007288B 17598 0001:00072892
 17599 0001:0007289C 17600 0001:000728A3 17601 0001:000728AD 17602 0001:000728B4
 17603 0001:000728BE 17604 0001:000728C5 17605 0001:000728CF 17606 0001:000728D6
 17607 0001:000728E0 17608 0001:000728E7 17609 0001:000728F2 17610 0001:00072901
 17613 0001:00072906 17614 0001:0007290F 17617 0001:00072918 17618 0001:00072922
 17619 0001:0007292C 17620 0001:00072936 17621 0001:00072940 17622 0001:0007294A
 17623 0001:00072954 17624 0001:0007295E 17625 0001:00072968 17626 0001:00072972
 17627 0001:0007297C 17628 0001:00072986 17629 0001:00072990 17630 0001:0007299A
 17631 0001:000729A4 17632 0001:000729AE 17633 0001:000729B8 17634 0001:000729C2
 17635 0001:000729CC 17636 0001:000729D6 17637 0001:000729E0 17638 0001:000729EA
 17639 0001:000729F4 17640 0001:000729FE 17641 0001:00072A08 17642 0001:00072A12
 17643 0001:00072A1C 17644 0001:00072A26 17645 0001:00072A30 17646 0001:00072A3A
 17647 0001:00072A44 17649 0001:00072A49 17652 0001:00072A62 17657 0001:00072A7D
 17659 0001:00072A8B 17660 0001:00072A92 17662 0001:00072AA9 17666 0001:00072AC4
 17667 0001:00072AD2 17668 0001:00072AD9 17670 0001:00072AF0 17675 0001:00072B2D
 17679 0001:00072BE4 17680 0001:00072BFB 17684 0001:00072BFC 17685 0001:00072C13
 17692 0001:00072C14 17693 0001:00072C1E 17696 0001:00072C20 17698 0001:00072C33
 17699 0001:00072C3E 17700 0001:00072C49 17703 0001:00072C54 17704 0001:00072C5F
 17707 0001:00072C6A 17708 0001:00072C86 17709 0001:00072CAE 17725 0001:00072CB4
 17726 0001:00072CD1 17727 0001:00072CD8 17728 0001:00072CDA 17729 0001:00072CEE
 17730 0001:00072CF5 17732 0001:00072CF9 17734 0001:00072D0F 17736 0001:00072D16
 17738 0001:00072D24 17740 0001:00072D28 17741 0001:00072D57 17744 0001:00072D5C
 17745 0001:00072D80 17746 0001:00072D8C 17747 0001:00072D9C 17748 0001:00072DC2
 17761 0001:00072DCC 17762 0001:00072DD0 17763 0001:00072DD6 17767 0001:00072DDC
 17768 0001:00072DE3 17769 0001:00072DE8 17774 0001:00072DEC 17775 0001:00072DF3
 17777 0001:00072E10 17779 0001:00072E15 17781 0001:00072E1A 17782 0001:00072E1B
 17783 0001:00072E1E 17785 0001:00072E21 17786 0001:00072E31 17791 0001:00072E38
 17792 0001:00072E3F 17797 0001:00072E6D 17799 0001:00072E72 17800 0001:00072E73
 17801 0001:00072E76 17803 0001:00072E79 17804 0001:00072E89 17809 0001:00072E90
 17810 0001:00072E96 17811 0001:00072EA5 17812 0001:00072EB3 17814 0001:00072ED8
 17816 0001:00072EEB 17821 0001:00072EF0 17822 0001:00072EF7 17824 0001:00072F14
 17826 0001:00072F19 17828 0001:00072F1E 17829 0001:00072F1F 17830 0001:00072F22
 17832 0001:00072F25 17833 0001:00072F35 17845 0001:00072F3C 17846 0001:00072F48
 17849 0001:00072F50 17850 0001:00072F5F 17851 0001:00072F6D 17852 0001:00072F77
 17853 0001:00072F86 17855 0001:00072F91 17856 0001:00072F9B 17857 0001:00072FAA
 17859 0001:00072FB5 17860 0001:00072FBF 17861 0001:00072FCE 17863 0001:00072FD9
 17866 0001:00072FE6 17870 0001:00072FF2 17871 0001:00073007 17872 0001:00073011
 17863 0001:00073012 17874 0001:00073015 17877 0001:00073022 17878 0001:0007303F
 17879 0001:00073053 17874 0001:00073054 17881 0001:00073064 17883 0001:00073074
 17894 0001:0007307C 17896 0001:0007307F 17897 0001:00073085 17900 0001:0007308C
 17902 0001:0007309F 17903 0001:000730B5 17904 0001:000730C2 17905 0001:000730DD
 17909 0001:000730F2 17910 0001:000730FF 17914 0001:00073104 17915 0001:0007310B
 17916 0001:00073111 17918 0001:00073114 17919 0001:00073123 17921 0001:0007312A
 17922 0001:0007312F 17929 0001:0007313D 17930 0001:0007313E 17923 0001:0007314A
 17932 0001:0007315A 17935 0001:00073166 17936 0001:00073173 17938 0001:0007318E
 17939 0001:000731A0 17942 0001:000731AD 17943 0001:000731B2 17950 0001:000731C1
 17951 0001:000731C2 17944 0001:000731CF 17953 0001:000731DF 17956 0001:000731EB
 17957 0001:000731F9 17959 0001:00073215 17961 0001:00073223 17971 0001:0007322C
 17972 0001:00073247 17973 0001:00073254 17974 0001:00073270 17975 0001:0007329B
 17976 0001:000732C4 17978 0001:00073314 17980 0001:00073332 17991 0001:0007334D
 18001 0001:00073368 18011 0001:00073375 18014 0001:00073386 18021 0001:00073397
 18025 0001:000733B2 18031 0001:000733CD 18034 0001:000733D2 18038 0001:000733F2
 18047 0001:00073412 18048 0001:00073413 18050 0001:00073420 18055 0001:00073440
 18064 0001:0007345B 18069 0001:00073476 18070 0001:0007347F 18075 0001:0007349A
 18077 0001:000734A8 18080 0001:000734E5 18084 0001:000737AC 18085 0001:000737C6
 18088 0001:000737C8 18089 0001:000737CB 18090 0001:000737DC 18093 0001:000737E0
 18097 0001:000737E3 18099 0001:000737EA 18128 0001:000737EC 18129 0001:000737EF
 18131 0001:000737F6 18132 0001:000737FD 18137 0001:00073800 18138 0001:00073808
 18140 0001:00073817 18141 0001:0007381C 18143 0001:00073829 18146 0001:00073851
 18147 0001:00073864 18149 0001:00073866 18141 0001:00073867 18150 0001:0007386A
 18161 0001:00073870 18162 0001:00073877 18163 0001:0007388A 18164 0001:00073898
 18166 0001:000738AF 18168 0001:000738BF 18170 0001:000738C4 18171 0001:000738E1
 18172 0001:000738E5 18174 0001:00073902 18175 0001:00073911 18176 0001:0007391F
 18177 0001:00073937 18179 0001:0007394B 18180 0001:0007395E 18181 0001:00073964
 18182 0001:0007396C 18183 0001:00073980 18185 0001:00073993 18187 0001:000739C8
 18189 0001:000739D0 18190 0001:000739EF 18191 0001:00073A0D 18193 0001:00073A17
 18195 0001:00073A22 18198 0001:00073A4C 18209 0001:00073A69 18211 0001:00073A70
 18213 0001:00073A77 18214 0001:00073A7E 18215 0001:00073A85 18216 0001:00073A8C
 18218 0001:00073AA1 18222 0001:00073AA8 18223 0001:00073AAF 18224 0001:00073AB6
 18225 0001:00073ABD 18226 0001:00073AC4 18227 0001:00073ACB 18228 0001:00073AD2
 18229 0001:00073AD9 18230 0001:00073AE0 18231 0001:00073AF7 18232 0001:00073B0E
 18233 0001:00073B15 18234 0001:00073B1F 18235 0001:00073B26 18236 0001:00073B35
 18237 0001:00073B3C 18238 0001:00073B4D 18239 0001:00073B57 18241 0001:00073B5E
 18242 0001:00073B68 18243 0001:00073B72 18245 0001:00073B7C 18247 0001:00073B81
 18250 0001:00073B8A 18253 0001:00073B8F 18255 0001:00073B9D 18256 0001:00073BA4
 18260 0001:00073BA9 18261 0001:00073BBA 18263 0001:00073BCB 18264 0001:00073BE4
 18265 0001:00073BED 18267 0001:00073BF5 18305 0001:00073C08 18307 0001:00073C0D
 18308 0001:00073C1E 18309 0001:00073C2F 18310 0001:00073C40 18311 0001:00073C51
 18317 0001:00073C62 18318 0001:00073C69 18319 0001:00073C75 18320 0001:00073C7C
 18321 0001:00073C83 18322 0001:00073C8D 18323 0001:00073C94 18324 0001:00073C9B
 18327 0001:00073CBD 18328 0001:00073CD0 18330 0001:00073CDE 18331 0001:00073CE7
 18332 0001:00073CEF 18335 0001:00073CF7 18336 0001:00073CFC 18337 0001:00073D06
 18338 0001:00073D10 18340 0001:00073D21 18341 0001:00073D32 18342 0001:00073D37
 18343 0001:00073D3E 18344 0001:00073D48 18345 0001:00073D4F 18346 0001:00073D56
 18347 0001:00073D5D 18348 0001:00073D64 18349 0001:00073D6B 18351 0001:00073D72
 18352 0001:00073D79 18353 0001:00073D80 18355 0001:00073D87 18357 0001:00073D8E
 18360 0001:00073D96 18362 0001:00073DA0 18364 0001:00073DBA 18365 0001:00073DC6
 18366 0001:00073DD1 18367 0001:00073DDD 18369 0001:00073DE8 18372 0001:00073DED
 18378 0001:00073E3A 18384 0001:00073E87 18390 0001:00073ED4 18391 0001:00073EE9
 18393 0001:00073EF2 18407 0001:00073F0B 18413 0001:00073F58 18419 0001:00073FA5
 18425 0001:00073FF2 18427 0001:00074000 18429 0001:0007400E 18431 0001:0007401C
 18432 0001:00074021 18436 0001:0007404B 18438 0001:00074058 18441 0001:0007406C
 18442 0001:0007409D 18446 0001:000740D9 18450 0001:000740E0 18452 0001:000740E9
 18453 0001:000740EE 18457 0001:0007411D 18464 0001:000741F0 18465 0001:00074209
 18466 0001:00074217 18468 0001:0007422A 18469 0001:00074234 18471 0001:0007423E
 18472 0001:00074251 18474 0001:00074258 18475 0001:00074262 18476 0001:00074269
 18477 0001:00074273 18478 0001:0007427A 18479 0001:00074284 18480 0001:0007428B
 18481 0001:00074295 18482 0001:0007429C 18483 0001:000742A6 18485 0001:000742AD
 18486 0001:000742B2 18488 0001:000742BD 18490 0001:000742CF 18491 0001:000742DC
 18493 0001:000742E9 18495 0001:000742F2 18496 0001:00074305 18501 0001:0007430C
 18502 0001:00074315 18504 0001:00074324 18505 0001:0007432E 18506 0001:00074335
 18507 0001:0007433F 18508 0001:00074346 18509 0001:00074350 18511 0001:00074357
 18512 0001:00074361 18513 0001:0007436B 18514 0001:00074375 18515 0001:0007437F
 18518 0001:00074386 18520 0001:0007438F 18521 0001:0007439C 18522 0001:000743AB
 18525 0001:000743C1 18526 0001:000743CB 18527 0001:000743D2 18528 0001:000743DC
 18529 0001:000743E3 18530 0001:000743ED 18532 0001:000743F4 18533 0001:00074403
 18540 0001:0007440A 18542 0001:00074413 18543 0001:0007441E 18544 0001:00074428
 18545 0001:00074432 18553 0001:00074439 18554 0001:0007443E 18556 0001:00074452
 18557 0001:0007445C 18558 0001:00074463 18560 0001:00074492 18592 0001:00074498
 18602 0001:000744AC 18603 0001:000744D8 18605 0001:00074648 18596 0001:00074668
 18597 0001:0007468C 18598 0001:0007469B 18599 0001:000746A0 18601 0001:000746BF

Line numbers for uComunicacao(uComunicacao.pas) segment .text

    14 0001:000B44EC    14 0001:000B44F3

Line numbers for uPessoa(uPessoa.pas) segment .text

    13 0001:000B4554    13 0001:000B455B

Line numbers for uTipoComunicacao(uTipoComunicacao.pas) segment .text

    14 0001:000B458C    14 0001:000B4593

Line numbers for uWhatsApp(uWhatsApp.pas) segment .text

    13 0001:000B4594    19 0001:000B4650    20 0001:000B4657    23 0001:000B4658
    24 0001:000B465B    25 0001:000B4667    27 0001:000B46B0    27 0001:000B46B7

Line numbers for uSMS(uSMS.pas) segment .text

    13 0001:000B46B8    19 0001:000B4770    20 0001:000B4777    23 0001:000B4778
    24 0001:000B477B    25 0001:000B4787    27 0001:000B47C8    27 0001:000B47CF

Line numbers for uEmail(uEmail.pas) segment .text

    13 0001:000B47D0    19 0001:000B4888    20 0001:000B488F    23 0001:000B4890
    24 0001:000B4893    25 0001:000B489F    27 0001:000B48E4    27 0001:000B48EB

Line numbers for uComunicacaoFactory(uComunicacaoFactory.pas) segment .text

    25 0001:000B494C    26 0001:000B494F    27 0001:000B495C    28 0001:000B497A
    29 0001:000B4998    31 0001:000B49B4    33 0001:000B49E8    33 0001:000B49EF

Line numbers for uTipoPessoa(uTipoPessoa.pas) segment .text

    13 0001:000B4A20    13 0001:000B4A27

Line numbers for uCliente(uCliente.pas) segment .text

    11 0001:000B4A28    16 0001:000B4AD8    17 0001:000B4ADB    18 0001:000B4AE7
    20 0001:000B4B2C    20 0001:000B4B33

Line numbers for uFornecedor(uFornecedor.pas) segment .text

    11 0001:000B4B34    16 0001:000B4BE4    17 0001:000B4BE7    18 0001:000B4BF3
    20 0001:000B4C3C    20 0001:000B4C43

Line numbers for uPessoaFactory(uPessoaFactory.pas) segment .text

    21 0001:000B4CA0    22 0001:000B4CA3    23 0001:000B4CAC    24 0001:000B4CCA
    26 0001:000B4CE6    28 0001:000B4D18    28 0001:000B4D1F

Line numbers for uSecretaria(uSecretaria.pas) segment .text

    29 0001:000B4D94    30 0001:000B4DC0    31 0001:000B4DDA    32 0001:000B4E33
    37 0001:000B4E3C    38 0001:000B4E59    39 0001:000B4E74    40 0001:000B4E9C
    42 0001:000B4EB7    43 0001:000B4EE4    45 0001:000B4F70    45 0001:000B4F77

Line numbers for uTelaSecretaria(uTelaSecretaria.pas) segment .text

    49 0001:000B51C8    50 0001:000B51E4    55 0001:000B520C    56 0001:000B521A
    58 0001:000B5246    60 0001:000B5273    62 0001:000B52A8    62 0001:000B52AF

Line numbers for Project1(C:\Users\thiago.belordi\Desktop\Thiago\Desenvolvimento\designated partner\Bridge\Exemplo\Project1.dpr) segment .text

    22 0001:000B55B8    23 0001:000B55C8    24 0001:000B55D4    25 0001:000B55EC
    26 0001:000B55F8

Bound resource files

C:\Program Files (x86)\EurekaLog 6\Delphi7\DIALOG.RES
c:\delphi7\Lib\Buttons.res
c:\delphi7\Lib\ExtDlgs.res
c:\delphi7\Lib\Controls.res
uTelaSecretaria.dfm
Project1.res
Project1.drf


Program entry point at 0001:000B55B8
